2026-01-28T22:31:50.1538775Z Current runner version: '2.331.0'
2026-01-28T22:31:50.1563896Z ##[group]Runner Image Provisioner
2026-01-28T22:31:50.1564987Z Hosted Compute Agent
2026-01-28T22:31:50.1565743Z Version: 20260123.484
2026-01-28T22:31:50.1566741Z Commit: 6bd6555ca37d84114959e1c76d2c01448ff61c5d
2026-01-28T22:31:50.1567709Z Build Date: 2026-01-23T19:41:17Z
2026-01-28T22:31:50.1568607Z Worker ID: {09707af0-0da0-474a-8617-d643d890c320}
2026-01-28T22:31:50.1569585Z Azure Region: eastus2
2026-01-28T22:31:50.1570375Z ##[endgroup]
2026-01-28T22:31:50.1572048Z ##[group]Operating System
2026-01-28T22:31:50.1573077Z Ubuntu
2026-01-28T22:31:50.1573830Z 24.04.3
2026-01-28T22:31:50.1574541Z LTS
2026-01-28T22:31:50.1575310Z ##[endgroup]
2026-01-28T22:31:50.1576019Z ##[group]Runner Image
2026-01-28T22:31:50.1576882Z Image: ubuntu-24.04
2026-01-28T22:31:50.1577662Z Version: 20260126.10.1
2026-01-28T22:31:50.1579085Z Included Software: https://github.com/actions/runner-images/blob/ubuntu24/20260126.10/images/ubuntu/Ubuntu2404-Readme.md
2026-01-28T22:31:50.1580951Z Image Release: https://github.com/actions/runner-images/releases/tag/ubuntu24%2F20260126.10
2026-01-28T22:31:50.1582106Z ##[endgroup]
2026-01-28T22:31:50.1583878Z ##[group]GITHUB_TOKEN Permissions
2026-01-28T22:31:50.1586209Z Actions: write
2026-01-28T22:31:50.1587057Z Contents: write
2026-01-28T22:31:50.1587784Z Metadata: read
2026-01-28T22:31:50.1588498Z ##[endgroup]
2026-01-28T22:31:50.1591126Z Secret source: Actions
2026-01-28T22:31:50.1592710Z Prepare workflow directory
2026-01-28T22:31:50.1912090Z Prepare all required actions
2026-01-28T22:31:50.1949301Z Getting action download info
2026-01-28T22:31:50.5207439Z Download action repository 'actions/checkout@v4' (SHA:34e114876b0b11c390a56381ad16ebd13914f8d5)
2026-01-28T22:31:50.6166051Z Download action repository 'docker/login-action@v3' (SHA:c94ce9fb468520275223c153574b00df6fe4bcc9)
2026-01-28T22:31:50.9536516Z Download action repository 'actions/upload-artifact@v4' (SHA:ea165f8d65b6e75b540449e92b4886f43607fa02)
2026-01-28T22:31:51.1613253Z Uses: pmeaney/vendure-juniper010726/.github/workflows/vendure-server-deploy.yml@refs/heads/main (9b010c3f2065836c70a1866e5d998563ca661b66)
2026-01-28T22:31:51.1618051Z Complete job name: server / deploy
2026-01-28T22:31:51.2381457Z ##[group]Run actions/checkout@v4
2026-01-28T22:31:51.2382667Z with:
2026-01-28T22:31:51.2383232Z   fetch-depth: 0
2026-01-28T22:31:51.2383856Z   repository: pmeaney/vendure-juniper010726
2026-01-28T22:31:51.2384715Z   token: ***
2026-01-28T22:31:51.2385276Z   ssh-strict: true
2026-01-28T22:31:51.2385831Z   ssh-user: git
2026-01-28T22:31:51.2386402Z   persist-credentials: true
2026-01-28T22:31:51.2387001Z   clean: true
2026-01-28T22:31:51.2387566Z   sparse-checkout-cone-mode: true
2026-01-28T22:31:51.2388206Z   fetch-tags: false
2026-01-28T22:31:51.2388777Z   show-progress: true
2026-01-28T22:31:51.2389345Z   lfs: false
2026-01-28T22:31:51.2389877Z   submodules: false
2026-01-28T22:31:51.2451738Z   set-safe-directory: true
2026-01-28T22:31:51.2455420Z ##[endgroup]
2026-01-28T22:31:51.3550466Z Syncing repository: pmeaney/vendure-juniper010726
2026-01-28T22:31:51.3553928Z ##[group]Getting Git version info
2026-01-28T22:31:51.3555793Z Working directory is '/home/runner/work/vendure-juniper010726/vendure-juniper010726'
2026-01-28T22:31:51.3557497Z [command]/usr/bin/git version
2026-01-28T22:31:51.3613787Z git version 2.52.0
2026-01-28T22:31:51.3640070Z ##[endgroup]
2026-01-28T22:31:51.3655381Z Temporarily overriding HOME='/home/runner/work/_temp/45e20475-7568-46f6-8789-1e6f676db7ef' before making global git config changes
2026-01-28T22:31:51.3658114Z Adding repository directory to the temporary git global config as a safe directory
2026-01-28T22:31:51.3669259Z [command]/usr/bin/git config --global --add safe.directory /home/runner/work/vendure-juniper010726/vendure-juniper010726
2026-01-28T22:31:51.3709340Z Deleting the contents of '/home/runner/work/vendure-juniper010726/vendure-juniper010726'
2026-01-28T22:31:51.3712970Z ##[group]Initializing the repository
2026-01-28T22:31:51.3718088Z [command]/usr/bin/git init /home/runner/work/vendure-juniper010726/vendure-juniper010726
2026-01-28T22:31:51.3816424Z hint: Using 'master' as the name for the initial branch. This default branch name
2026-01-28T22:31:51.3817969Z hint: will change to "main" in Git 3.0. To configure the initial branch name
2026-01-28T22:31:51.3819889Z hint: to use in all of your new repositories, which will suppress this warning,
2026-01-28T22:31:51.3821378Z hint: call:
2026-01-28T22:31:51.3822251Z hint:
2026-01-28T22:31:51.3823317Z hint: 	git config --global init.defaultBranch <name>
2026-01-28T22:31:51.3824042Z hint:
2026-01-28T22:31:51.3824749Z hint: Names commonly chosen instead of 'master' are 'main', 'trunk' and
2026-01-28T22:31:51.3825809Z hint: 'development'. The just-created branch can be renamed via this command:
2026-01-28T22:31:51.3826930Z hint:
2026-01-28T22:31:51.3827664Z hint: 	git branch -m <name>
2026-01-28T22:31:51.3828243Z hint:
2026-01-28T22:31:51.3828976Z hint: Disable this message with "git config set advice.defaultBranchName false"
2026-01-28T22:31:51.3830268Z Initialized empty Git repository in /home/runner/work/vendure-juniper010726/vendure-juniper010726/.git/
2026-01-28T22:31:51.3832915Z [command]/usr/bin/git remote add origin https://github.com/pmeaney/vendure-juniper010726
2026-01-28T22:31:51.3866265Z ##[endgroup]
2026-01-28T22:31:51.3867210Z ##[group]Disabling automatic garbage collection
2026-01-28T22:31:51.3870042Z [command]/usr/bin/git config --local gc.auto 0
2026-01-28T22:31:51.3897396Z ##[endgroup]
2026-01-28T22:31:51.3898311Z ##[group]Setting up auth
2026-01-28T22:31:51.3903647Z [command]/usr/bin/git config --local --name-only --get-regexp core\.sshCommand
2026-01-28T22:31:51.3932980Z [command]/usr/bin/git submodule foreach --recursive sh -c "git config --local --name-only --get-regexp 'core\.sshCommand' && git config --local --unset-all 'core.sshCommand' || :"
2026-01-28T22:31:51.4256587Z [command]/usr/bin/git config --local --name-only --get-regexp http\.https\:\/\/github\.com\/\.extraheader
2026-01-28T22:31:51.4286441Z [command]/usr/bin/git submodule foreach --recursive sh -c "git config --local --name-only --get-regexp 'http\.https\:\/\/github\.com\/\.extraheader' && git config --local --unset-all 'http.https://github.com/.extraheader' || :"
2026-01-28T22:31:51.4500850Z [command]/usr/bin/git config --local --name-only --get-regexp ^includeIf\.gitdir:
2026-01-28T22:31:51.4539760Z [command]/usr/bin/git submodule foreach --recursive git config --local --show-origin --name-only --get-regexp remote.origin.url
2026-01-28T22:31:51.4759641Z [command]/usr/bin/git config --local http.https://github.com/.extraheader AUTHORIZATION: basic ***
2026-01-28T22:31:51.4792245Z ##[endgroup]
2026-01-28T22:31:51.4794170Z ##[group]Fetching the repository
2026-01-28T22:31:51.4801731Z [command]/usr/bin/git -c protocol.version=2 fetch --prune --no-recurse-submodules origin +refs/heads/*:refs/remotes/origin/* +refs/tags/*:refs/tags/*
2026-01-28T22:31:51.7316674Z From https://github.com/pmeaney/vendure-juniper010726
2026-01-28T22:31:51.7318216Z  * [new branch]      main           -> origin/main
2026-01-28T22:31:51.7319419Z  * [new tag]         v1.0-local-dev -> v1.0-local-dev
2026-01-28T22:31:51.7356477Z [command]/usr/bin/git branch --list --remote origin/main
2026-01-28T22:31:51.7378588Z   origin/main
2026-01-28T22:31:51.7388537Z [command]/usr/bin/git rev-parse refs/remotes/origin/main
2026-01-28T22:31:51.7408762Z 9b010c3f2065836c70a1866e5d998563ca661b66
2026-01-28T22:31:51.7420625Z ##[endgroup]
2026-01-28T22:31:51.7424373Z ##[group]Determining the checkout info
2026-01-28T22:31:51.7427937Z ##[endgroup]
2026-01-28T22:31:51.7429514Z [command]/usr/bin/git sparse-checkout disable
2026-01-28T22:31:51.7463003Z [command]/usr/bin/git config --local --unset-all extensions.worktreeConfig
2026-01-28T22:31:51.7491434Z ##[group]Checking out the ref
2026-01-28T22:31:51.7495014Z [command]/usr/bin/git checkout --progress --force -B main refs/remotes/origin/main
2026-01-28T22:31:51.7777632Z Switched to a new branch 'main'
2026-01-28T22:31:51.7780863Z branch 'main' set up to track 'origin/main'.
2026-01-28T22:31:51.7793527Z ##[endgroup]
2026-01-28T22:31:51.7825309Z [command]/usr/bin/git log -1 --format=%H
2026-01-28T22:31:51.7847390Z 9b010c3f2065836c70a1866e5d998563ca661b66
2026-01-28T22:31:51.8091613Z ##[group]Run echo "Setting up GitHub CLI authentication..."
2026-01-28T22:31:51.8093946Z [36;1mecho "Setting up GitHub CLI authentication..."[0m
2026-01-28T22:31:51.8096737Z [36;1mecho *** | gh auth login --with-token[0m
2026-01-28T22:31:51.8133697Z shell: /usr/bin/bash -e {0}
2026-01-28T22:31:51.8135015Z ##[endgroup]
2026-01-28T22:31:51.8218584Z Setting up GitHub CLI authentication...
2026-01-28T22:31:52.1959328Z ##[group]Run mkdir -p ./deployment-markers
2026-01-28T22:31:52.1960121Z [36;1mmkdir -p ./deployment-markers[0m
2026-01-28T22:31:52.1960758Z [36;1m[0m
2026-01-28T22:31:52.1961385Z [36;1m# Try to download the artifact using the GitHub CLI[0m
2026-01-28T22:31:52.1962310Z [36;1mecho "Attempting to download latest server-last-deployed-commit artifact..."[0m
2026-01-28T22:31:52.1963834Z [36;1mgh run download --name server-last-deployed-commit --dir ./deployment-markers --repo pmeaney/vendure-juniper010726 || true[0m
2026-01-28T22:31:52.1964837Z [36;1m[0m
2026-01-28T22:31:52.1965417Z [36;1m# Check if the download was successful[0m
2026-01-28T22:31:52.1966192Z [36;1mif [ -f "./deployment-markers/server-last-commit.txt" ]; then[0m
2026-01-28T22:31:52.1967496Z [36;1m  echo "âœ… Successfully downloaded previous deployment marker"[0m
2026-01-28T22:31:52.1968469Z [36;1melse[0m
2026-01-28T22:31:52.1969236Z [36;1m  echo "âš ï¸ No previous deployment marker found or download failed"[0m
2026-01-28T22:31:52.1969971Z [36;1mfi[0m
2026-01-28T22:31:52.2004321Z shell: /usr/bin/bash -e {0}
2026-01-28T22:31:52.2004950Z ##[endgroup]
2026-01-28T22:31:52.2073477Z Attempting to download latest server-last-deployed-commit artifact...
2026-01-28T22:31:52.5417426Z âœ… Successfully downloaded previous deployment marker
2026-01-28T22:31:52.5469657Z ##[group]Run # Setup SSH
2026-01-28T22:31:52.5470289Z [36;1m# Setup SSH[0m
2026-01-28T22:31:52.5470811Z [36;1mmkdir -p ~/.ssh/[0m
2026-01-28T22:31:52.5471372Z [36;1mecho "$SSH_KEY" > ~/.ssh/id_ed25519[0m
2026-01-28T22:31:52.5471963Z [36;1mchmod 600 ~/.ssh/id_ed25519[0m
2026-01-28T22:31:52.5472718Z [36;1mcat >>~/.ssh/config <<END[0m
2026-01-28T22:31:52.5473269Z [36;1mHost prod[0m
2026-01-28T22:31:52.5473769Z [36;1m  HostName $SERVER_IP[0m
2026-01-28T22:31:52.5474295Z [36;1m  User $SSH_USER[0m
2026-01-28T22:31:52.5474838Z [36;1m  IdentityFile ~/.ssh/id_ed25519[0m
2026-01-28T22:31:52.5475421Z [36;1m  StrictHostKeyChecking no[0m
2026-01-28T22:31:52.5475951Z [36;1mEND[0m
2026-01-28T22:31:52.5476406Z [36;1m[0m
2026-01-28T22:31:52.5476961Z [36;1m# Check if Server container exists (running or stopped)[0m
2026-01-28T22:31:52.5478050Z [36;1mCONTAINER_EXISTS=$(ssh prod "docker ps -a --format '{{.Names}}' | grep -q '^vendure-server-juniper010726$' && echo 'true' || echo 'false'")[0m
2026-01-28T22:31:52.5478978Z [36;1m[0m
2026-01-28T22:31:52.5479553Z [36;1mecho "container_exists=$CONTAINER_EXISTS" >> $GITHUB_OUTPUT[0m
2026-01-28T22:31:52.5480259Z [36;1mecho "Container exists: $CONTAINER_EXISTS"[0m
2026-01-28T22:31:52.5512966Z shell: /usr/bin/bash -e {0}
2026-01-28T22:31:52.5513493Z env:
2026-01-28T22:31:52.5515928Z   SSH_KEY: ***
2026-01-28T22:31:52.5516460Z   SSH_USER: ***
2026-01-28T22:31:52.5516951Z   SERVER_IP: ***
2026-01-28T22:31:52.5517412Z ##[endgroup]
2026-01-28T22:31:52.9743073Z Warning: Permanently added '***' (ED25519) to the list of known hosts.
2026-01-28T22:31:53.7423085Z Container exists: false
2026-01-28T22:31:53.7466097Z ##[group]Run if [ -f "./deployment-markers/server-last-commit.txt" ]; then
2026-01-28T22:31:53.7466732Z [36;1mif [ -f "./deployment-markers/server-last-commit.txt" ]; then[0m
2026-01-28T22:31:53.7467281Z [36;1m  LAST_COMMIT=$(cat ./deployment-markers/server-last-commit.txt)[0m
2026-01-28T22:31:53.7467849Z [36;1m  echo "Last successfully deployed server commit: $LAST_COMMIT"[0m
2026-01-28T22:31:53.7468562Z [36;1m  echo "last_commit=$LAST_COMMIT" >> $GITHUB_OUTPUT[0m
2026-01-28T22:31:53.7468941Z [36;1melse[0m
2026-01-28T22:31:53.7469396Z [36;1m  # If no marker exists, get a commit far back enough to capture all changes[0m
2026-01-28T22:31:53.7469915Z [36;1m  # This will trigger a build on first run[0m
2026-01-28T22:31:53.7470343Z [36;1m  LAST_COMMIT=$(git rev-list --max-parents=0 HEAD)[0m
2026-01-28T22:31:53.7470903Z [36;1m  echo "No previous deployment marker found. Using initial commit: $LAST_COMMIT"[0m
2026-01-28T22:31:53.7471486Z [36;1m  echo "last_commit=$LAST_COMMIT" >> $GITHUB_OUTPUT[0m
2026-01-28T22:31:53.7471857Z [36;1mfi[0m
2026-01-28T22:31:53.7504579Z shell: /usr/bin/bash -e {0}
2026-01-28T22:31:53.7504914Z ##[endgroup]
2026-01-28T22:31:53.7568183Z Last successfully deployed server commit: 4ae2f456343b2e08208d6b720b2e4958e0587dad
2026-01-28T22:31:53.7623807Z ##[group]Run echo "=== Running Server Deployment Decision Model ==="
2026-01-28T22:31:53.7624454Z [36;1mecho "=== Running Server Deployment Decision Model ==="[0m
2026-01-28T22:31:53.7624866Z [36;1m[0m
2026-01-28T22:31:53.7625151Z [36;1m# STEP 1: Evaluate Container Status[0m
2026-01-28T22:31:53.7625521Z [36;1mCONTAINER_EXISTS="false"[0m
2026-01-28T22:31:53.7626099Z [36;1mecho "Q1: Does Server container (vendure-server-juniper010726) exist? Answer: $CONTAINER_EXISTS"[0m
2026-01-28T22:31:53.7626663Z [36;1m[0m
2026-01-28T22:31:53.7626927Z [36;1m# STEP 2: Evaluate Artifact Status[0m
2026-01-28T22:31:53.7627270Z [36;1mARTIFACT_EXISTS="false"[0m
2026-01-28T22:31:53.7627672Z [36;1mif [ -f "./deployment-markers/server-last-commit.txt" ]; then[0m
2026-01-28T22:31:53.7628119Z [36;1m  ARTIFACT_EXISTS="true"[0m
2026-01-28T22:31:53.7628538Z [36;1m  LAST_COMMIT=$(cat ./deployment-markers/server-last-commit.txt)[0m
2026-01-28T22:31:53.7629206Z [36;1m  LAST_COMMIT_SHORT=$(git rev-parse --short $LAST_COMMIT 2>/dev/null || echo "N/A")[0m
2026-01-28T22:31:53.7630028Z [36;1m  echo "Q2: Does deployment marker artifact exist? Answer: $ARTIFACT_EXISTS (Last commit: $LAST_COMMIT_SHORT)"[0m
2026-01-28T22:31:53.7630641Z [36;1melse[0m
2026-01-28T22:31:53.7631039Z [36;1m  echo "Q2: Does deployment marker artifact exist? Answer: $ARTIFACT_EXISTS"[0m
2026-01-28T22:31:53.7631481Z [36;1mfi[0m
2026-01-28T22:31:53.7631798Z [36;1m[0m
2026-01-28T22:31:53.7632124Z [36;1m# STEP 3: Evaluate Changes (if applicable)[0m
2026-01-28T22:31:53.7632791Z [36;1mCHANGES_DETECTED="N/A"[0m
2026-01-28T22:31:53.7633112Z [36;1mCHANGED_FILES=""[0m
2026-01-28T22:31:53.7633522Z [36;1mif [ "$CONTAINER_EXISTS" = "true" ] && [ "$ARTIFACT_EXISTS" = "true" ]; then[0m
2026-01-28T22:31:53.7634178Z [36;1m  CHANGES=$(git diff --name-only $LAST_COMMIT HEAD -- ./my-shop-juniper/apps/server)[0m
2026-01-28T22:31:53.7634712Z [36;1m  if [ -n "$CHANGES" ]; then[0m
2026-01-28T22:31:53.7635052Z [36;1m    CHANGES_DETECTED="true"[0m
2026-01-28T22:31:53.7635372Z [36;1m    CHANGED_FILES="$CHANGES"[0m
2026-01-28T22:31:53.7635874Z [36;1m    echo "Q3: Are there changes in my-shop-juniper/apps/server? Answer: $CHANGES_DETECTED"[0m
2026-01-28T22:31:53.7636383Z [36;1m    echo "Changed files:"[0m
2026-01-28T22:31:53.7636695Z [36;1m    echo "$CHANGED_FILES"[0m
2026-01-28T22:31:53.7637000Z [36;1m  else[0m
2026-01-28T22:31:53.7637265Z [36;1m    CHANGES_DETECTED="false"[0m
2026-01-28T22:31:53.7637744Z [36;1m    echo "Q3: Are there changes in my-shop-juniper/apps/server? Answer: $CHANGES_DETECTED"[0m
2026-01-28T22:31:53.7638269Z [36;1m  fi[0m
2026-01-28T22:31:53.7638512Z [36;1melse[0m
2026-01-28T22:31:53.7639098Z [36;1m  echo "Q3: Are there changes in my-shop-juniper/apps/server? Answer: $CHANGES_DETECTED (not checked due to container/artifact status)"[0m
2026-01-28T22:31:53.7639762Z [36;1mfi[0m
2026-01-28T22:31:53.7639998Z [36;1m[0m
2026-01-28T22:31:53.7640246Z [36;1m# STEP 4: Decision Matrix[0m
2026-01-28T22:31:53.7640562Z [36;1mecho ""[0m
2026-01-28T22:31:53.7640878Z [36;1mecho "Decision Matrix for Build and Deploy:"[0m
2026-01-28T22:31:53.7641583Z [36;1mecho "| Container Exists? | Artifact Exists? | Changes Detected? | Decision | Reason |"[0m
2026-01-28T22:31:53.7642218Z [36;1mecho "|-------------------|------------------|-------------------|----------|-------|"[0m
2026-01-28T22:31:53.7642891Z [36;1mif [ "$CONTAINER_EXISTS" = "false" ]; then[0m
2026-01-28T22:31:53.7643494Z [36;1m  echo "| No                | Any              | Any               | **Build & Deploy** | Initial deployment - no container exists |"[0m
2026-01-28T22:31:53.7644445Z [36;1m  echo "| Yes               | Yes              | Yes               | Build & Deploy     | Code changes detected in my-shop-juniper/apps/server |"[0m
2026-01-28T22:31:53.7645269Z [36;1m  echo "| Yes               | Yes              | No                | No Build/Deploy    | No code changes detected |"[0m
2026-01-28T22:31:53.7646265Z [36;1m  echo "| Yes               | No               | N/A               | No Build/Deploy    | Container exists but no artifact (incomplete state) |"[0m
2026-01-28T22:31:53.7646903Z [36;1m  echo ""[0m
2026-01-28T22:31:53.7647329Z [36;1m  echo "DECISION: Build and Deploy (Initial deployment - no container exists)"[0m
2026-01-28T22:31:53.7647875Z [36;1m  echo "changes=true" >> $GITHUB_OUTPUT[0m
2026-01-28T22:31:53.7648408Z [36;1m  echo "force_deploy_reason=Initial deployment - no container exists" >> $GITHUB_OUTPUT[0m
2026-01-28T22:31:53.7649089Z [36;1m  git ls-files ./my-shop-juniper/apps/server > ./server-changed-files.txt[0m
2026-01-28T22:31:53.7649823Z [36;1melif [ "$CONTAINER_EXISTS" = "true" ] && [ "$ARTIFACT_EXISTS" = "true" ] && [ "$CHANGES_DETECTED" = "true" ]; then[0m
2026-01-28T22:31:53.7650650Z [36;1m  echo "| No                | Any              | Any               | Build & Deploy     | Initial deployment - no container exists |"[0m
2026-01-28T22:31:53.7651522Z [36;1m  echo "| Yes               | Yes              | Yes               | **Build & Deploy** | Code changes detected in my-shop-juniper/apps/server |"[0m
2026-01-28T22:31:53.7652593Z [36;1m  echo "| Yes               | Yes              | No                | No Build/Deploy    | No code changes detected |"[0m
2026-01-28T22:31:53.7653346Z [36;1m  echo "| Yes               | No               | N/A               | No Build/Deploy    | Container exists but no artifact (incomplete state) |"[0m
2026-01-28T22:31:53.7653946Z [36;1m  echo ""[0m
2026-01-28T22:31:53.7654415Z [36;1m  echo "DECISION: Build and Deploy (Code changes detected in my-shop-juniper/apps/server)"[0m
2026-01-28T22:31:53.7654996Z [36;1m  echo "changes=true" >> $GITHUB_OUTPUT[0m
2026-01-28T22:31:53.7655416Z [36;1m  echo "$CHANGED_FILES" > ./server-changed-files.txt[0m
2026-01-28T22:31:53.7656062Z [36;1melif [ "$CONTAINER_EXISTS" = "true" ] && [ "$ARTIFACT_EXISTS" = "true" ] && [ "$CHANGES_DETECTED" = "false" ]; then[0m
2026-01-28T22:31:53.7656899Z [36;1m  echo "| No                | Any              | Any               | Build & Deploy     | Initial deployment - no container exists |"[0m
2026-01-28T22:31:53.7657758Z [36;1m  echo "| Yes               | Yes              | Yes               | Build & Deploy     | Code changes detected in my-shop-juniper/apps/server |"[0m
2026-01-28T22:31:53.7658567Z [36;1m  echo "| Yes               | Yes              | No                | **No Build/Deploy** | No code changes detected |"[0m
2026-01-28T22:31:53.7659389Z [36;1m  echo "| Yes               | No               | N/A               | No Build/Deploy    | Container exists but no artifact (incomplete state) |"[0m
2026-01-28T22:31:53.7659997Z [36;1m  echo ""[0m
2026-01-28T22:31:53.7660377Z [36;1m  echo "DECISION: No Build/Deploy (No code changes detected)"[0m
2026-01-28T22:31:53.7660848Z [36;1m  echo "changes=false" >> $GITHUB_OUTPUT[0m
2026-01-28T22:31:53.7661195Z [36;1melse[0m
2026-01-28T22:31:53.7661686Z [36;1m  echo "| No                | Any              | Any               | Build & Deploy     | Initial deployment - no container exists |"[0m
2026-01-28T22:31:53.7662834Z [36;1m  echo "| Yes               | Yes              | Yes               | Build & Deploy     | Code changes detected in my-shop-juniper/apps/server |"[0m
2026-01-28T22:31:53.7663653Z [36;1m  echo "| Yes               | Yes              | No                | No Build/Deploy    | No code changes detected |"[0m
2026-01-28T22:31:53.7664457Z [36;1m  echo "| Yes               | No               | N/A               | **No Build/Deploy** | Container exists but no artifact (incomplete state) |"[0m
2026-01-28T22:31:53.7665061Z [36;1m  echo ""[0m
2026-01-28T22:31:53.7665529Z [36;1m  echo "DECISION: No Build/Deploy (Container exists but no artifact - incomplete state)"[0m
2026-01-28T22:31:53.7666080Z [36;1m  echo "changes=false" >> $GITHUB_OUTPUT[0m
2026-01-28T22:31:53.7666420Z [36;1mfi[0m
2026-01-28T22:31:53.7666654Z [36;1m[0m
2026-01-28T22:31:53.7667087Z [36;1m# STEP 5: Summary of Changed Files (if deploying)[0m
2026-01-28T22:31:53.7667470Z [36;1mif [ "" = "true" ]; then[0m
2026-01-28T22:31:53.7667790Z [36;1m  echo ""[0m
2026-01-28T22:31:53.7668071Z [36;1m  echo "Files to be deployed:"[0m
2026-01-28T22:31:53.7668422Z [36;1m  cat ./server-changed-files.txt[0m
2026-01-28T22:31:53.7668746Z [36;1mfi[0m
2026-01-28T22:31:53.7698226Z shell: /usr/bin/bash -e {0}
2026-01-28T22:31:53.7698567Z ##[endgroup]
2026-01-28T22:31:53.7747913Z === Running Server Deployment Decision Model ===
2026-01-28T22:31:53.7748510Z Q1: Does Server container (vendure-server-juniper010726) exist? Answer: false
2026-01-28T22:31:53.7780564Z Q2: Does deployment marker artifact exist? Answer: true (Last commit: 4ae2f45)
2026-01-28T22:31:53.7781816Z Q3: Are there changes in my-shop-juniper/apps/server? Answer: N/A (not checked due to container/artifact status)
2026-01-28T22:31:53.7782815Z 
2026-01-28T22:31:53.7783050Z Decision Matrix for Build and Deploy:
2026-01-28T22:31:53.7783857Z | Container Exists? | Artifact Exists? | Changes Detected? | Decision | Reason |
2026-01-28T22:31:53.7784823Z |-------------------|------------------|-------------------|----------|-------|
2026-01-28T22:31:53.7785791Z | No                | Any              | Any               | **Build & Deploy** | Initial deployment - no container exists |
2026-01-28T22:31:53.7786522Z | Yes               | Yes              | Yes               | Build & Deploy     | Code changes detected in my-shop-juniper/apps/server |
2026-01-28T22:31:53.7787235Z | Yes               | Yes              | No                | No Build/Deploy    | No code changes detected |
2026-01-28T22:31:53.7787909Z | Yes               | No               | N/A               | No Build/Deploy    | Container exists but no artifact (incomplete state) |
2026-01-28T22:31:53.7788356Z 
2026-01-28T22:31:53.7788593Z DECISION: Build and Deploy (Initial deployment - no container exists)
2026-01-28T22:31:53.7900793Z ##[group]Run # Use GitHub's multiline output syntax
2026-01-28T22:31:53.7901288Z [36;1m# Use GitHub's multiline output syntax[0m
2026-01-28T22:31:53.7901674Z [36;1mecho "files<<EOF" >> $GITHUB_OUTPUT[0m
2026-01-28T22:31:53.7902108Z [36;1mcat ./server-changed-files.txt >> $GITHUB_OUTPUT[0m
2026-01-28T22:31:53.7902793Z [36;1mecho "EOF" >> $GITHUB_OUTPUT[0m
2026-01-28T22:31:53.7903112Z [36;1m[0m
2026-01-28T22:31:53.7903404Z [36;1m# Count the number of changed files correctly[0m
2026-01-28T22:31:53.7903895Z [36;1mCHANGE_COUNT=$(cat ./server-changed-files.txt | wc -l | xargs)[0m
2026-01-28T22:31:53.7904399Z [36;1mecho "count=$CHANGE_COUNT" >> $GITHUB_OUTPUT[0m
2026-01-28T22:31:53.7933468Z shell: /usr/bin/bash -e {0}
2026-01-28T22:31:53.7933793Z ##[endgroup]
2026-01-28T22:31:53.8156089Z ##[group]Run wget https://github.com/mikefarah/yq/releases/download/v4.34.1/yq_linux_amd64 -O /usr/local/bin/yq
2026-01-28T22:31:53.8157047Z [36;1mwget https://github.com/mikefarah/yq/releases/download/v4.34.1/yq_linux_amd64 -O /usr/local/bin/yq[0m
2026-01-28T22:31:53.8157640Z [36;1mchmod +x /usr/local/bin/yq[0m
2026-01-28T22:31:53.8188222Z shell: /usr/bin/bash -e {0}
2026-01-28T22:31:53.8188540Z ##[endgroup]
2026-01-28T22:31:53.8511231Z --2026-01-28 22:31:53--  https://github.com/mikefarah/yq/releases/download/v4.34.1/yq_linux_amd64
2026-01-28T22:31:53.8755980Z Resolving github.com (github.com)... 140.82.112.3
2026-01-28T22:31:53.8810570Z Connecting to github.com (github.com)|140.82.112.3|:443... connected.
2026-01-28T22:31:53.9060167Z HTTP request sent, awaiting response... 302 Found
2026-01-28T22:31:53.9067574Z Location: https://release-assets.githubusercontent.com/github-production-release-asset/43225113/6410fe95-4061-4c91-95b5-d61d85455913?sp=r&sv=2018-11-09&sr=b&spr=https&se=2026-01-28T23%3A07%3A56Z&rscd=attachment%3B+filename%3Dyq_linux_amd64&rsct=application%2Foctet-stream&skoid=96c2d410-5711-43a1-aedd-ab1947aa7ab0&sktid=398a6654-997b-47e9-b12b-9515b896b4de&skt=2026-01-28T22%3A07%3A50Z&ske=2026-01-28T23%3A07%3A56Z&sks=b&skv=2018-11-09&sig=1fQpHhtaiJQfHvQHGNlcFp%2B8qDv8z6GVddXVig600iM%3D&jwt=*** [following]
2026-01-28T22:31:53.9075703Z --2026-01-28 22:31:53--  https://release-assets.githubusercontent.com/github-production-release-asset/43225113/6410fe95-4061-4c91-95b5-d61d85455913?sp=r&sv=2018-11-09&sr=b&spr=https&se=2026-01-28T23%3A07%3A56Z&rscd=attachment%3B+filename%3Dyq_linux_amd64&rsct=application%2Foctet-stream&skoid=96c2d410-5711-43a1-aedd-ab1947aa7ab0&sktid=398a6654-997b-47e9-b12b-9515b896b4de&skt=2026-01-28T22%3A07%3A50Z&ske=2026-01-28T23%3A07%3A56Z&sks=b&skv=2018-11-09&sig=1fQpHhtaiJQfHvQHGNlcFp%2B8qDv8z6GVddXVig600iM%3D&jwt=***
2026-01-28T22:31:53.9139334Z Resolving release-assets.githubusercontent.com (release-assets.githubusercontent.com)... 185.199.110.133, 185.199.111.133, 185.199.108.133, ...
2026-01-28T22:31:53.9191809Z Connecting to release-assets.githubusercontent.com (release-assets.githubusercontent.com)|185.199.110.133|:443... connected.
2026-01-28T22:31:53.9414543Z HTTP request sent, awaiting response... 200 OK
2026-01-28T22:31:53.9415622Z Length: 8941568 (8.5M) [application/octet-stream]
2026-01-28T22:31:53.9416813Z Saving to: â€˜/usr/local/bin/yqâ€™
2026-01-28T22:31:53.9417331Z 
2026-01-28T22:31:53.9472080Z      0K .......... .......... .......... .......... ..........  0% 8.71M 1s
2026-01-28T22:31:53.9490711Z     50K .......... .......... .......... .......... ..........  1% 25.8M 1s
2026-01-28T22:31:53.9532027Z    100K .......... .......... .......... .......... ..........  1% 11.9M 1s
2026-01-28T22:31:53.9536444Z    150K .......... .......... .......... .......... ..........  2%  108M 1s
2026-01-28T22:31:53.9571822Z    200K .......... .......... .......... .......... ..........  2% 13.8M 1s
2026-01-28T22:31:53.9582957Z    250K .......... .......... .......... .......... ..........  3% 43.9M 0s
2026-01-28T22:31:53.9585475Z    300K .......... .......... .......... .......... ..........  4%  187M 0s
2026-01-28T22:31:53.9588985Z    350K .......... .......... .......... .......... ..........  4%  137M 0s
2026-01-28T22:31:53.9594585Z    400K .......... .......... .......... .......... ..........  5% 86.1M 0s
2026-01-28T22:31:53.9599983Z    450K .......... .......... .......... .......... ..........  5% 89.9M 0s
2026-01-28T22:31:53.9623843Z    500K .......... .......... .......... .......... ..........  6% 20.7M 0s
2026-01-28T22:31:53.9626298Z    550K .......... .......... .......... .......... ..........  6%  190M 0s
2026-01-28T22:31:53.9636916Z    600K .......... .......... .......... .......... ..........  7% 46.1M 0s
2026-01-28T22:31:53.9638212Z    650K .......... .......... .......... .......... ..........  8%  303M 0s
2026-01-28T22:31:53.9640878Z    700K .......... .......... .......... .......... ..........  8%  207M 0s
2026-01-28T22:31:53.9645061Z    750K .......... .......... .......... .......... ..........  9%  124M 0s
2026-01-28T22:31:53.9646511Z    800K .......... .......... .......... .......... ..........  9%  250M 0s
2026-01-28T22:31:53.9649576Z    850K .......... .......... .......... .......... .......... 10%  167M 0s
2026-01-28T22:31:53.9652284Z    900K .......... .......... .......... .......... .......... 10%  187M 0s
2026-01-28T22:31:53.9654451Z    950K .......... .......... .......... .......... .......... 11%  221M 0s
2026-01-28T22:31:53.9672933Z   1000K .......... .......... .......... .......... .......... 12% 26.8M 0s
2026-01-28T22:31:53.9675537Z   1050K .......... .......... .......... .......... .......... 12%  183M 0s
2026-01-28T22:31:53.9678534Z   1100K .......... .......... .......... .......... .......... 13%  164M 0s
2026-01-28T22:31:53.9681104Z   1150K .......... .......... .......... .......... .......... 13%  186M 0s
2026-01-28T22:31:53.9686966Z   1200K .......... .......... .......... .......... .......... 14% 81.3M 0s
2026-01-28T22:31:53.9688524Z   1250K .......... .......... .......... .......... .......... 14%  276M 0s
2026-01-28T22:31:53.9690951Z   1300K .......... .......... .......... .......... .......... 15%  231M 0s
2026-01-28T22:31:53.9692656Z   1350K .......... .......... .......... .......... .......... 16%  251M 0s
2026-01-28T22:31:53.9694908Z   1400K .......... .......... .......... .......... .......... 16%  263M 0s
2026-01-28T22:31:53.9696201Z   1450K .......... .......... .......... .......... .......... 17%  305M 0s
2026-01-28T22:31:53.9697664Z   1500K .......... .......... .......... .......... .......... 17%  306M 0s
2026-01-28T22:31:53.9699252Z   1550K .......... .......... .......... .......... .......... 18%  305M 0s
2026-01-28T22:31:53.9701359Z   1600K .......... .......... .......... .......... .......... 18%  237M 0s
2026-01-28T22:31:53.9703660Z   1650K .......... .......... .......... .......... .......... 19%  337M 0s
2026-01-28T22:31:53.9705785Z   1700K .......... .......... .......... .......... .......... 20%  214M 0s
2026-01-28T22:31:53.9706803Z   1750K .......... .......... .......... .......... .......... 20%  285M 0s
2026-01-28T22:31:53.9708295Z   1800K .......... .......... .......... .......... .......... 21%  319M 0s
2026-01-28T22:31:53.9710049Z   1850K .......... .......... .......... .......... .......... 21%  354M 0s
2026-01-28T22:31:53.9711472Z   1900K .......... .......... .......... .......... .......... 22%  345M 0s
2026-01-28T22:31:53.9713076Z   1950K .......... .......... .......... .......... .......... 22%  250M 0s
2026-01-28T22:31:53.9714467Z   2000K .......... .......... .......... .......... .......... 23%  300M 0s
2026-01-28T22:31:53.9715839Z   2050K .......... .......... .......... .......... .......... 24%  354M 0s
2026-01-28T22:31:53.9725239Z   2100K .......... .......... .......... .......... .......... 24% 55.8M 0s
2026-01-28T22:31:53.9727572Z   2150K .......... .......... .......... .......... .......... 25%  211M 0s
2026-01-28T22:31:53.9728928Z   2200K .......... .......... .......... .......... .......... 25%  354M 0s
2026-01-28T22:31:53.9730424Z   2250K .......... .......... .......... .......... .......... 26%  329M 0s
2026-01-28T22:31:53.9732458Z   2300K .......... .......... .......... .......... .......... 26%  245M 0s
2026-01-28T22:31:53.9735440Z   2350K .......... .......... .......... .......... .......... 27%  144M 0s
2026-01-28T22:31:53.9737541Z   2400K .......... .......... .......... .......... .......... 28%  337M 0s
2026-01-28T22:31:53.9738788Z   2450K .......... .......... .......... .......... .......... 28%  314M 0s
2026-01-28T22:31:53.9739776Z   2500K .......... .......... .......... .......... .......... 29%  315M 0s
2026-01-28T22:31:53.9741988Z   2550K .......... .......... .......... .......... .......... 29%  219M 0s
2026-01-28T22:31:53.9744691Z   2600K .......... .......... .......... .......... .......... 30%  312M 0s
2026-01-28T22:31:53.9745862Z   2650K .......... .......... .......... .......... .......... 30%  259M 0s
2026-01-28T22:31:53.9747324Z   2700K .......... .......... .......... .......... .......... 31%  285M 0s
2026-01-28T22:31:53.9750335Z   2750K .......... .......... .......... .......... .......... 32%  161M 0s
2026-01-28T22:31:53.9751770Z   2800K .......... .......... .......... .......... .......... 32%  309M 0s
2026-01-28T22:31:53.9754877Z   2850K .......... .......... .......... .......... .......... 33%  321M 0s
2026-01-28T22:31:53.9755710Z   2900K .......... .......... .......... .......... .......... 33%  408M 0s
2026-01-28T22:31:53.9756654Z   2950K .......... .......... .......... .......... .......... 34%  392M 0s
2026-01-28T22:31:53.9757531Z   3000K .......... .......... .......... .......... .......... 34%  278M 0s
2026-01-28T22:31:53.9760016Z   3050K .......... .......... .......... .......... .......... 35%  356M 0s
2026-01-28T22:31:53.9760752Z   3100K .......... .......... .......... .......... .......... 36%  450M 0s
2026-01-28T22:31:53.9761473Z   3150K .......... .......... .......... .......... .......... 36%  315M 0s
2026-01-28T22:31:53.9764532Z   3200K .......... .......... .......... .......... .......... 37%  362M 0s
2026-01-28T22:31:53.9765220Z   3250K .......... .......... .......... .......... .......... 37%  387M 0s
2026-01-28T22:31:53.9765965Z   3300K .......... .......... .......... .......... .......... 38%  365M 0s
2026-01-28T22:31:53.9767301Z   3350K .......... .......... .......... .......... .......... 38%  262M 0s
2026-01-28T22:31:53.9769707Z   3400K .......... .......... .......... .......... .......... 39%  356M 0s
2026-01-28T22:31:53.9770546Z   3450K .......... .......... .......... .......... .......... 40%  304M 0s
2026-01-28T22:31:53.9771687Z   3500K .......... .......... .......... .......... .......... 40%  341M 0s
2026-01-28T22:31:53.9774476Z   3550K .......... .......... .......... .......... .......... 41%  304M 0s
2026-01-28T22:31:53.9775310Z   3600K .......... .......... .......... .......... .......... 41%  451M 0s
2026-01-28T22:31:53.9776398Z   3650K .......... .......... .......... .......... .......... 42%  242M 0s
2026-01-28T22:31:53.9777714Z   3700K .......... .......... .......... .......... .......... 42%  363M 0s
2026-01-28T22:31:53.9780155Z   3750K .......... .......... .......... .......... .......... 43%  349M 0s
2026-01-28T22:31:53.9780886Z   3800K .......... .......... .......... .......... .......... 44%  290M 0s
2026-01-28T22:31:53.9783941Z   3850K .......... .......... .......... .......... .......... 44%  350M 0s
2026-01-28T22:31:53.9784818Z   3900K .......... .......... .......... .......... .......... 45%  285M 0s
2026-01-28T22:31:53.9785714Z   3950K .......... .......... .......... .......... .......... 45%  300M 0s
2026-01-28T22:31:53.9788695Z   4000K .......... .......... .......... .......... .......... 46%  326M 0s
2026-01-28T22:31:53.9789513Z   4050K .......... .......... .......... .......... .......... 46%  246M 0s
2026-01-28T22:31:53.9790806Z   4100K .......... .......... .......... .......... .......... 47%  302M 0s
2026-01-28T22:31:53.9793352Z   4150K .......... .......... .......... .......... .......... 48%  321M 0s
2026-01-28T22:31:53.9794177Z   4200K .......... .......... .......... .......... .......... 48%  281M 0s
2026-01-28T22:31:53.9795630Z   4250K .......... .......... .......... .......... .......... 49%  304M 0s
2026-01-28T22:31:53.9797362Z   4300K .......... .......... .......... .......... .......... 49%  336M 0s
2026-01-28T22:31:53.9799404Z   4350K .......... .......... .......... .......... .......... 50%  232M 0s
2026-01-28T22:31:53.9800683Z   4400K .......... .......... .......... .......... .......... 50%  320M 0s
2026-01-28T22:31:53.9802095Z   4450K .......... .......... .......... .......... .......... 51%  343M 0s
2026-01-28T22:31:53.9804333Z   4500K .......... .......... .......... .......... .......... 52%  251M 0s
2026-01-28T22:31:53.9805795Z   4550K .......... .......... .......... .......... .......... 52%  284M 0s
2026-01-28T22:31:53.9807748Z   4600K .......... .......... .......... .......... .......... 53%  269M 0s
2026-01-28T22:31:53.9809476Z   4650K .......... .......... .......... .......... .......... 53%  288M 0s
2026-01-28T22:31:53.9811766Z   4700K .......... .......... .......... .......... .......... 54%  339M 0s
2026-01-28T22:31:53.9812750Z   4750K .......... .......... .......... .......... .......... 54%  276M 0s
2026-01-28T22:31:53.9814231Z   4800K .......... .......... .......... .......... .......... 55%  286M 0s
2026-01-28T22:31:53.9816488Z   4850K .......... .......... .......... .......... .......... 56%  262M 0s
2026-01-28T22:31:53.9817989Z   4900K .......... .......... .......... .......... .......... 56%  264M 0s
2026-01-28T22:31:53.9820982Z   4950K .......... .......... .......... .......... .......... 57%  328M 0s
2026-01-28T22:31:53.9821727Z   5000K .......... .......... .......... .......... .......... 57%  340M 0s
2026-01-28T22:31:53.9822826Z   5050K .......... .......... .......... .......... .......... 58%  273M 0s
2026-01-28T22:31:53.9825628Z   5100K .......... .......... .......... .......... .......... 58%  242M 0s
2026-01-28T22:31:53.9826434Z   5150K .......... .......... .......... .......... .......... 59%  314M 0s
2026-01-28T22:31:53.9827773Z   5200K .......... .......... .......... .......... .......... 60%  309M 0s
2026-01-28T22:31:53.9830705Z   5250K .......... .......... .......... .......... .......... 60%  337M 0s
2026-01-28T22:31:53.9831500Z   5300K .......... .......... .......... .......... .......... 61%  331M 0s
2026-01-28T22:31:53.9832695Z   5350K .......... .......... .......... .......... .......... 61%  273M 0s
2026-01-28T22:31:53.9834674Z   5400K .......... .......... .......... .......... .......... 62%  241M 0s
2026-01-28T22:31:53.9837076Z   5450K .......... .......... .......... .......... .......... 62%  333M 0s
2026-01-28T22:31:53.9837899Z   5500K .......... .......... .......... .......... .......... 63%  338M 0s
2026-01-28T22:31:53.9838996Z   5550K .......... .......... .......... .......... .......... 64%  311M 0s
2026-01-28T22:31:53.9841881Z   5600K .......... .......... .......... .......... .......... 64%  335M 0s
2026-01-28T22:31:53.9842830Z   5650K .......... .......... .......... .......... .......... 65%  304M 0s
2026-01-28T22:31:53.9844082Z   5700K .......... .......... .......... .......... .......... 65%  247M 0s
2026-01-28T22:31:53.9845454Z   5750K .......... .......... .......... .......... .......... 66%  338M 0s
2026-01-28T22:31:53.9847940Z   5800K .......... .......... .......... .......... .......... 66%  343M 0s
2026-01-28T22:31:53.9848757Z   5850K .......... .......... .......... .......... .......... 67%  333M 0s
2026-01-28T22:31:53.9849964Z   5900K .......... .......... .......... .......... .......... 68%  301M 0s
2026-01-28T22:31:53.9852299Z   5950K .......... .......... .......... .......... .......... 68%  268M 0s
2026-01-28T22:31:53.9853850Z   6000K .......... .......... .......... .......... .......... 69%  241M 0s
2026-01-28T22:31:53.9856789Z   6050K .......... .......... .......... .......... .......... 69%  342M 0s
2026-01-28T22:31:53.9857588Z   6100K .......... .......... .......... .......... .......... 70%  339M 0s
2026-01-28T22:31:53.9858594Z   6150K .......... .......... .......... .......... .......... 71%  271M 0s
2026-01-28T22:31:53.9861359Z   6200K .......... .......... .......... .......... .......... 71%  333M 0s
2026-01-28T22:31:53.9862204Z   6250K .......... .......... .......... .......... .......... 72%  322M 0s
2026-01-28T22:31:53.9863668Z   6300K .......... .......... .......... .......... .......... 72%  243M 0s
2026-01-28T22:31:53.9866218Z   6350K .......... .......... .......... .......... .......... 73%  238M 0s
2026-01-28T22:31:53.9867263Z   6400K .......... .......... .......... .......... .......... 73%  288M 0s
2026-01-28T22:31:53.9868701Z   6450K .......... .......... .......... .......... .......... 74%  341M 0s
2026-01-28T22:31:53.9871043Z   6500K .......... .......... .......... .......... .......... 75%  334M 0s
2026-01-28T22:31:53.9872840Z   6550K .......... .......... .......... .......... .......... 75%  209M 0s
2026-01-28T22:31:53.9875282Z   6600K .......... .......... .......... .......... .......... 76%  283M 0s
2026-01-28T22:31:53.9876100Z   6650K .......... .......... .......... .......... .......... 76%  284M 0s
2026-01-28T22:31:53.9879665Z   6700K .......... .......... .......... .......... .......... 77%  257M 0s
2026-01-28T22:31:53.9880379Z   6750K .......... .......... .......... .......... .......... 77%  326M 0s
2026-01-28T22:31:53.9881158Z   6800K .......... .......... .......... .......... .......... 78%  273M 0s
2026-01-28T22:31:53.9884275Z   6850K .......... .......... .......... .......... .......... 79%  333M 0s
2026-01-28T22:31:53.9885067Z   6900K .......... .......... .......... .......... .......... 79%  276M 0s
2026-01-28T22:31:53.9886053Z   6950K .......... .......... .......... .......... .......... 80%  302M 0s
2026-01-28T22:31:53.9887517Z   7000K .......... .......... .......... .......... .......... 80%  330M 0s
2026-01-28T22:31:53.9889991Z   7050K .......... .......... .......... .......... .......... 81%  256M 0s
2026-01-28T22:31:53.9891041Z   7100K .......... .......... .......... .......... .......... 81%  292M 0s
2026-01-28T22:31:53.9892568Z   7150K .......... .......... .......... .......... .......... 82%  343M 0s
2026-01-28T22:31:53.9894886Z   7200K .......... .......... .......... .......... .......... 83%  294M 0s
2026-01-28T22:31:53.9896082Z   7250K .......... .......... .......... .......... .......... 83%  262M 0s
2026-01-28T22:31:53.9899401Z   7300K .......... .......... .......... .......... .......... 84%  282M 0s
2026-01-28T22:31:53.9900174Z   7350K .......... .......... .......... .......... .......... 84%  322M 0s
2026-01-28T22:31:53.9903404Z   7400K .......... .......... .......... .......... .......... 85%  206M 0s
2026-01-28T22:31:53.9904174Z   7450K .......... .......... .......... .......... .......... 85%  363M 0s
2026-01-28T22:31:53.9904866Z   7500K .......... .......... .......... .......... .......... 86%  255M 0s
2026-01-28T22:31:53.9906883Z   7550K .......... .......... .......... .......... .......... 87%  332M 0s
2026-01-28T22:31:53.9908167Z   7600K .......... .......... .......... .......... .......... 87%  276M 0s
2026-01-28T22:31:53.9910151Z   7650K .......... .......... .......... .......... .......... 88%  256M 0s
2026-01-28T22:31:53.9911486Z   7700K .......... .......... .......... .......... .......... 88%  332M 0s
2026-01-28T22:31:53.9913078Z   7750K .......... .......... .......... .......... .......... 89%  336M 0s
2026-01-28T22:31:53.9914490Z   7800K .......... .......... .......... .......... .......... 89%  319M 0s
2026-01-28T22:31:53.9915988Z   7850K .......... .......... .......... .......... .......... 90%  333M 0s
2026-01-28T22:31:53.9917972Z   7900K .......... .......... .......... .......... .......... 91%  255M 0s
2026-01-28T22:31:53.9919324Z   7950K .......... .......... .......... .......... .......... 91%  327M 0s
2026-01-28T22:31:53.9930700Z   8000K .......... .......... .......... .......... .......... 92%  344M 0s
2026-01-28T22:31:53.9931772Z   8050K .......... .......... .......... .......... .......... 92%  378M 0s
2026-01-28T22:31:53.9932771Z   8100K .......... .......... .......... .......... .......... 93%  501M 0s
2026-01-28T22:31:53.9933513Z   8150K .......... .......... .......... .......... .......... 93%  405M 0s
2026-01-28T22:31:53.9934008Z   8200K .......... .......... .......... .......... .......... 94%  521M 0s
2026-01-28T22:31:53.9934810Z   8250K .......... .......... .......... .......... .......... 95%  506M 0s
2026-01-28T22:31:53.9935393Z   8300K .......... .......... .......... .......... .......... 95%  382M 0s
2026-01-28T22:31:53.9936104Z   8350K .......... .......... .......... .......... .......... 96%  510M 0s
2026-01-28T22:31:53.9936813Z   8400K .......... .......... .......... .......... .......... 96%  530M 0s
2026-01-28T22:31:53.9937620Z   8450K .......... .......... .......... .......... .......... 97%  501M 0s
2026-01-28T22:31:53.9938347Z   8500K .......... .......... .......... .......... .......... 97%  531M 0s
2026-01-28T22:31:53.9938981Z   8550K .......... .......... .......... .......... .......... 98%  361M 0s
2026-01-28T22:31:53.9939458Z   8600K .......... .......... .......... .......... .......... 99%  273M 0s
2026-01-28T22:31:53.9939928Z   8650K .......... .......... .......... .......... .......... 99%  320M 0s
2026-01-28T22:31:53.9940400Z   8700K .......... .......... .......... ..                   100%  301M=0.05s
2026-01-28T22:31:53.9940683Z 
2026-01-28T22:31:53.9941313Z 2026-01-28 22:31:53 (164 MB/s) - â€˜/usr/local/bin/yqâ€™ saved [8941568/8941568]
2026-01-28T22:31:53.9941821Z 
2026-01-28T22:31:53.9992258Z ##[group]Run # Extract Vendure Server/Worker environment variables from defaults file
2026-01-28T22:31:53.9993230Z [36;1m# Extract Vendure Server/Worker environment variables from defaults file[0m
2026-01-28T22:31:53.9993916Z [36;1mVENDURE_SRV_WRK_DEFAULTS=$(yq e '.vendure_srv_wrk_defaults' .github/defaults/env-defaults.yml)[0m
2026-01-28T22:31:53.9994607Z [36;1mecho "$VENDURE_SRV_WRK_DEFAULTS" > ./my-shop-juniper/apps/server/env-defaults.env[0m
2026-01-28T22:31:54.0028241Z shell: /usr/bin/bash -e {0}
2026-01-28T22:31:54.0028558Z ##[endgroup]
2026-01-28T22:31:54.0174904Z ##[group]Run docker/login-action@v3
2026-01-28T22:31:54.0175263Z with:
2026-01-28T22:31:54.0175520Z   registry: ghcr.io
2026-01-28T22:31:54.0175803Z   username: pmeaney
2026-01-28T22:31:54.0176262Z   password: ***
2026-01-28T22:31:54.0176547Z   logout: true
2026-01-28T22:31:54.0176810Z ##[endgroup]
2026-01-28T22:31:54.3283798Z Logging into ghcr.io...
2026-01-28T22:31:54.5500848Z Login Succeeded!
2026-01-28T22:31:54.5637950Z ##[group]Run # Setup SSH
2026-01-28T22:31:54.5638351Z [36;1m# Setup SSH[0m
2026-01-28T22:31:54.5638653Z [36;1mmkdir -p ~/.ssh/[0m
2026-01-28T22:31:54.5638976Z [36;1mecho "$SSH_KEY" > ~/.ssh/id_ed25519[0m
2026-01-28T22:31:54.5639339Z [36;1mchmod 600 ~/.ssh/id_ed25519[0m
2026-01-28T22:31:54.5639657Z [36;1mcat >>~/.ssh/config <<END[0m
2026-01-28T22:31:54.5639957Z [36;1mHost prod[0m
2026-01-28T22:31:54.5640239Z [36;1m  HostName $SERVER_IP[0m
2026-01-28T22:31:54.5640553Z [36;1m  User $SSH_USER[0m
2026-01-28T22:31:54.5640873Z [36;1m  IdentityFile ~/.ssh/id_ed25519[0m
2026-01-28T22:31:54.5641231Z [36;1m  StrictHostKeyChecking no[0m
2026-01-28T22:31:54.5641537Z [36;1mEND[0m
2026-01-28T22:31:54.5641770Z [36;1m[0m
2026-01-28T22:31:54.5642043Z [36;1m# Check if DB container is running[0m
2026-01-28T22:31:54.5643208Z [36;1mDB_STATUS=$(ssh prod "docker ps -f name=vendure-db-juniper010726 --format '{{.Status}}'")[0m
2026-01-28T22:31:54.5643771Z [36;1m[0m
2026-01-28T22:31:54.5644070Z [36;1mif [ -z "$DB_STATUS" ]; then[0m
2026-01-28T22:31:54.5644549Z [36;1m  echo "âŒ Database container 'vendure-db-juniper010726' is not running"[0m
2026-01-28T22:31:54.5645090Z [36;1m  echo "Cannot deploy server without database"[0m
2026-01-28T22:31:54.5645452Z [36;1m  exit 1[0m
2026-01-28T22:31:54.5645701Z [36;1mfi[0m
2026-01-28T22:31:54.5645949Z [36;1m[0m
2026-01-28T22:31:54.5646271Z [36;1mecho "âœ… Database container is running: $DB_STATUS"[0m
2026-01-28T22:31:54.5678305Z shell: /usr/bin/bash -e {0}
2026-01-28T22:31:54.5678621Z env:
2026-01-28T22:31:54.5680655Z   SSH_KEY: ***
2026-01-28T22:31:54.5680954Z   SSH_USER: ***
2026-01-28T22:31:54.5681227Z   SERVER_IP: ***
2026-01-28T22:31:54.5681478Z ##[endgroup]
2026-01-28T22:31:55.5580513Z âœ… Database container is running: Up 12 seconds
2026-01-28T22:31:55.5615276Z ##[group]Run echo "Building and publishing server Docker image..."
2026-01-28T22:31:55.5615896Z [36;1mecho "Building and publishing server Docker image..."[0m
2026-01-28T22:31:55.5616313Z [36;1m[0m
2026-01-28T22:31:55.5616665Z [36;1m# Build the Vendure Server Docker image with default env file[0m
2026-01-28T22:31:55.5617091Z [36;1mdocker build \[0m
2026-01-28T22:31:55.5617465Z [36;1m  -f my-shop-juniper/apps/server/Dockerfile.server \[0m
2026-01-28T22:31:55.5617873Z [36;1m  --target prod \[0m
2026-01-28T22:31:55.5618181Z [36;1m  --no-cache \[0m
2026-01-28T22:31:55.5618564Z [36;1m  -t ghcr.io/pmeaney/vendure-server-juniper010726:latest \[0m
2026-01-28T22:31:55.5619026Z [36;1m  ./my-shop-juniper/apps/server[0m
2026-01-28T22:31:55.5619363Z [36;1m  [0m
2026-01-28T22:31:55.5619690Z [36;1m# Push the Docker image to GitHub Container Registry[0m
2026-01-28T22:31:55.5620203Z [36;1mdocker push ghcr.io/pmeaney/vendure-server-juniper010726:latest[0m
2026-01-28T22:31:55.5620658Z [36;1m[0m
2026-01-28T22:31:55.5620984Z [36;1m# Delete local env var file (defaults) after transfer[0m
2026-01-28T22:31:55.5621617Z [36;1mrm ./my-shop-juniper/apps/server/env-defaults.env[0m
2026-01-28T22:31:55.5621987Z [36;1m[0m
2026-01-28T22:31:55.5622245Z [36;1mecho "BUILT=true" >> $GITHUB_ENV[0m
2026-01-28T22:31:55.5622839Z [36;1mecho "PUSHED=true" >> $GITHUB_ENV[0m
2026-01-28T22:31:55.5623228Z [36;1mecho "build_status=success" >> $GITHUB_OUTPUT[0m
2026-01-28T22:31:55.5623592Z [36;1m  [0m
2026-01-28T22:31:55.5654091Z shell: /usr/bin/bash -e {0}
2026-01-28T22:31:55.5654409Z ##[endgroup]
2026-01-28T22:31:55.5702052Z Building and publishing server Docker image...
2026-01-28T22:31:59.0254833Z #0 building with "default" instance using docker driver
2026-01-28T22:31:59.0255162Z 
2026-01-28T22:31:59.0255358Z #1 [internal] load build definition from Dockerfile.server
2026-01-28T22:31:59.0255778Z #1 transferring dockerfile: 2.93kB done
2026-01-28T22:31:59.0256094Z #1 DONE 0.0s
2026-01-28T22:31:59.0256269Z 
2026-01-28T22:31:59.0256467Z #2 [auth] library/node:pull token for registry-1.docker.io
2026-01-28T22:31:59.0256852Z #2 DONE 0.0s
2026-01-28T22:31:59.0256991Z 
2026-01-28T22:31:59.0257180Z #3 [internal] load metadata for docker.io/library/node:20-slim
2026-01-28T22:31:59.2342086Z #3 DONE 0.4s
2026-01-28T22:31:59.3612838Z 
2026-01-28T22:31:59.3613943Z #4 [internal] load .dockerignore
2026-01-28T22:31:59.3615028Z #4 transferring context: 2B done
2026-01-28T22:31:59.3615993Z #4 DONE 0.0s
2026-01-28T22:31:59.3616426Z 
2026-01-28T22:31:59.3616638Z #5 [internal] load build context
2026-01-28T22:31:59.3617383Z #5 transferring context: 1.30MB 0.0s done
2026-01-28T22:31:59.3617742Z #5 DONE 0.0s
2026-01-28T22:31:59.3618009Z 
2026-01-28T22:31:59.3619242Z #6 [base 1/2] FROM docker.io/library/node:20-slim@sha256:6c51af7dc83f4708aaac35991306bca8f478351cfd2bda35750a62d7efcf05bb
2026-01-28T22:31:59.3621850Z #6 resolve docker.io/library/node:20-slim@sha256:6c51af7dc83f4708aaac35991306bca8f478351cfd2bda35750a62d7efcf05bb done
2026-01-28T22:31:59.3624451Z #6 sha256:c02d17997ce3d2c82e082235ea0b5152d06ee659c4e2fabcf1e0079312f1bcde 2.10MB / 28.23MB 0.1s
2026-01-28T22:31:59.3626878Z #6 sha256:024b9523dc7f8055cf2750f04c65434cae8f1b05241e73a5f0878d117366ad8a 0B / 3.31kB 0.1s
2026-01-28T22:31:59.3628893Z #6 sha256:ebe53019ce11f9bf83b30d24ab04d6dc4aa05dedf8c520e04da0559608edeade 0B / 40.98MB 0.1s
2026-01-28T22:31:59.3631053Z #6 sha256:6c51af7dc83f4708aaac35991306bca8f478351cfd2bda35750a62d7efcf05bb 6.49kB / 6.49kB done
2026-01-28T22:31:59.3633753Z #6 sha256:5536118f282f272dc85854180720a3b3a68e3880576da1d7304410bb4969815c 1.93kB / 1.93kB done
2026-01-28T22:31:59.3635231Z #6 sha256:7bd7304bb01064dcd8fbfe70d5228c15b325d6a94ee567ba1b909b96c7fdfba6 6.88kB / 6.88kB done
2026-01-28T22:31:59.4774347Z #6 sha256:c02d17997ce3d2c82e082235ea0b5152d06ee659c4e2fabcf1e0079312f1bcde 26.21MB / 28.23MB 0.2s
2026-01-28T22:31:59.4776404Z #6 sha256:024b9523dc7f8055cf2750f04c65434cae8f1b05241e73a5f0878d117366ad8a 3.31kB / 3.31kB 0.1s done
2026-01-28T22:31:59.4777936Z #6 sha256:ebe53019ce11f9bf83b30d24ab04d6dc4aa05dedf8c520e04da0559608edeade 8.39MB / 40.98MB 0.2s
2026-01-28T22:31:59.4791366Z #6 sha256:a98168ca575a7f9a177a9348c0ff4ed8e5c9ca39eb648a0654dd3c29928412cf 1.71MB / 1.71MB 0.2s done
2026-01-28T22:31:59.4793023Z #6 sha256:7d393bf487b04ce90e509f8c13715578b3c9785f7aa2ba9bcd797b5a50c0e731 0B / 446B 0.2s
2026-01-28T22:31:59.6313156Z #6 sha256:c02d17997ce3d2c82e082235ea0b5152d06ee659c4e2fabcf1e0079312f1bcde 28.23MB / 28.23MB 0.2s done
2026-01-28T22:31:59.6318626Z #6 sha256:ebe53019ce11f9bf83b30d24ab04d6dc4aa05dedf8c520e04da0559608edeade 14.68MB / 40.98MB 0.3s
2026-01-28T22:31:59.6319985Z #6 sha256:7d393bf487b04ce90e509f8c13715578b3c9785f7aa2ba9bcd797b5a50c0e731 446B / 446B 0.3s done
2026-01-28T22:31:59.6321799Z #6 extracting sha256:c02d17997ce3d2c82e082235ea0b5152d06ee659c4e2fabcf1e0079312f1bcde 0.1s
2026-01-28T22:31:59.7333249Z #6 sha256:ebe53019ce11f9bf83b30d24ab04d6dc4aa05dedf8c520e04da0559608edeade 25.17MB / 40.98MB 0.4s
2026-01-28T22:31:59.8354856Z #6 sha256:ebe53019ce11f9bf83b30d24ab04d6dc4aa05dedf8c520e04da0559608edeade 39.85MB / 40.98MB 0.5s
2026-01-28T22:31:59.9371615Z #6 sha256:ebe53019ce11f9bf83b30d24ab04d6dc4aa05dedf8c520e04da0559608edeade 40.98MB / 40.98MB 0.5s done
2026-01-28T22:32:00.5352215Z #6 extracting sha256:c02d17997ce3d2c82e082235ea0b5152d06ee659c4e2fabcf1e0079312f1bcde 1.0s done
2026-01-28T22:32:00.6526869Z #6 extracting sha256:024b9523dc7f8055cf2750f04c65434cae8f1b05241e73a5f0878d117366ad8a done
2026-01-28T22:32:00.6528052Z #6 extracting sha256:ebe53019ce11f9bf83b30d24ab04d6dc4aa05dedf8c520e04da0559608edeade
2026-01-28T22:32:01.8220285Z #6 extracting sha256:ebe53019ce11f9bf83b30d24ab04d6dc4aa05dedf8c520e04da0559608edeade 1.0s done
2026-01-28T22:32:01.8221690Z #6 extracting sha256:a98168ca575a7f9a177a9348c0ff4ed8e5c9ca39eb648a0654dd3c29928412cf 0.0s done
2026-01-28T22:32:02.0449456Z #6 extracting sha256:7d393bf487b04ce90e509f8c13715578b3c9785f7aa2ba9bcd797b5a50c0e731 done
2026-01-28T22:32:02.0450522Z #6 DONE 2.6s
2026-01-28T22:32:02.0450912Z 
2026-01-28T22:32:02.0451142Z #7 [base 2/2] WORKDIR /usr/src/app
2026-01-28T22:32:02.0451694Z #7 DONE 0.0s
2026-01-28T22:32:02.0451953Z 
2026-01-28T22:32:02.0452265Z #8 [deps 1/3] COPY package.json package-lock.json* ./
2026-01-28T22:32:02.0453714Z #8 DONE 0.0s
2026-01-28T22:32:02.0453983Z 
2026-01-28T22:32:02.0458234Z #9 [deps 2/3] RUN if [ ! -f package-lock.json ]; then       echo "";       echo "âŒ ERROR: package-lock.json not found!";       echo "";       echo "This is a container-first project. Dependencies must be generated";       echo "from within a Linux container to match the production environment.";       echo "";       echo "To fix this, review the instructions in the generate-lockfiles.sh";       echo "file and in the project README to understand why and how to generate";       echo "the package-lock.json according to this project's design.";       echo "";       exit 1;     fi
2026-01-28T22:32:02.0461789Z #9 DONE 0.1s
2026-01-28T22:32:02.0461969Z 
2026-01-28T22:32:02.0462787Z #10 [prod 1/7] RUN addgroup --system --gid 1001 nodejs &&     adduser --system --uid 1001 vendure
2026-01-28T22:32:02.1536706Z #10 0.204 Adding group `nodejs' (GID 1001) ...
2026-01-28T22:32:02.1537717Z #10 0.223 Done.
2026-01-28T22:32:02.1538484Z #10 0.258 Adding system user `vendure' (UID 1001) ...
2026-01-28T22:32:02.1540163Z #10 0.258 Adding new user `vendure' (UID 1001) with group `nogroup' ...
2026-01-28T22:32:02.1541394Z #10 0.263 useradd warning: vendure's uid 1001 is greater than SYS_UID_MAX 999
2026-01-28T22:32:02.1542745Z #10 0.270 Not creating `/nonexistent'.
2026-01-28T22:32:02.1543239Z #10 DONE 0.3s
2026-01-28T22:32:02.1543464Z 
2026-01-28T22:32:02.1543646Z #11 [deps 3/3] RUN npm ci
2026-01-28T22:32:06.0743427Z #11 4.028 npm warn deprecated rimraf@3.0.2: Rimraf versions prior to v4 are no longer supported
2026-01-28T22:32:06.5925879Z #11 4.546 npm warn deprecated npmlog@5.0.1: This package is no longer supported.
2026-01-28T22:32:06.7678044Z #11 4.721 npm warn deprecated tar@6.2.1: Old versions of tar are not supported, and contain widely publicized security vulnerabilities, which have been fixed in the current version. Please update. Support for old versions may be purchased (at exhorbitant rates) by contacting i@izs.me
2026-01-28T22:32:06.9247399Z #11 4.878 npm warn deprecated subscriptions-transport-ws@0.11.0: The `subscriptions-transport-ws` package is no longer maintained. We recommend you use `graphql-ws` instead. For help migrating Apollo software to `graphql-ws`, see https://www.apollographql.com/docs/apollo-server/data/subscriptions/#switching-from-subscriptions-transport-ws    For general help using `graphql-ws`, see https://github.com/enisdenjo/graphql-ws/blob/master/README.md
2026-01-28T22:32:07.1265438Z #11 4.883 npm warn deprecated lodash.omit@4.5.0: This package is deprecated. Use destructuring assignment syntax instead.
2026-01-28T22:32:07.1267912Z #11 4.930 npm warn deprecated keygrip@1.1.0: Package no longer supported. Contact Support at https://www.npmjs.com/support for more info.
2026-01-28T22:32:07.1946002Z #11 5.148 npm warn deprecated inflight@1.0.6: This module is not supported, and leaks memory. Do not use it. Check out lru-cache if you want a good and tested way to coalesce async requests by a key value, which is much more comprehensive and powerful.
2026-01-28T22:32:07.6559625Z #11 5.609 npm warn deprecated gauge@3.0.2: This package is no longer supported.
2026-01-28T22:32:08.2813184Z #11 6.235 npm warn deprecated are-we-there-yet@2.0.0: This package is no longer supported.
2026-01-28T22:32:11.2570648Z #11 9.211 npm warn deprecated glob@7.2.3: Glob versions prior to v9 are no longer supported
2026-01-28T22:32:11.4516034Z #11 9.405 npm warn deprecated @apollo/server-gateway-interface@1.1.1: @apollo/server-gateway-interface v1 is part of Apollo Server v4, which is deprecated and will transition to end-of-life on January 26, 2026. As long as you are already using a non-EOL version of Node.js, upgrading to v2 should take only a few minutes. See https://www.apollographql.com/docs/apollo-server/previous-versions for details.
2026-01-28T22:32:11.6105177Z #11 9.564 npm warn deprecated @apollo/server-plugin-landing-page-graphql-playground@4.0.1: The use of GraphQL Playground in Apollo Server was supported in previous versions, but this is no longer the case as of December 31, 2022. This package exists for v4 migration purposes only. We do not intend to resolve security issues or other bugs with this package if they arise, so please migrate away from this to [Apollo Server's default Explorer](https://www.apollographql.com/docs/apollo-server/api/plugin/landing-pages) as soon as possible.
2026-01-28T22:32:16.0513539Z #11 14.00 npm warn deprecated @apollo/server@4.12.2: Apollo Server v4 is deprecated and will transition to end-of-life on January 26, 2026. As long as you are already using a non-EOL version of Node.js, upgrading to v5 should take only a few minutes. See https://www.apollographql.com/docs/apollo-server/previous-versions for details.
2026-01-28T22:32:21.1818078Z #11 19.14 
2026-01-28T22:32:21.1818777Z #11 19.14 added 1236 packages, and audited 1238 packages in 19s
2026-01-28T22:32:21.1819457Z #11 19.14 
2026-01-28T22:32:21.3744129Z #11 19.14 256 packages are looking for funding
2026-01-28T22:32:21.3744883Z #11 19.14   run `npm fund` for details
2026-01-28T22:32:21.3745317Z #11 19.18 
2026-01-28T22:32:21.3745657Z #11 19.18 40 vulnerabilities (5 moderate, 35 high)
2026-01-28T22:32:21.3746078Z #11 19.18 
2026-01-28T22:32:21.3746457Z #11 19.18 To address issues that do not require attention, run:
2026-01-28T22:32:21.3746948Z #11 19.18   npm audit fix
2026-01-28T22:32:21.3747275Z #11 19.18 
2026-01-28T22:32:21.3747639Z #11 19.18 Some issues need review, and may require choosing
2026-01-28T22:32:21.3748103Z #11 19.18 a different dependency.
2026-01-28T22:32:21.3748447Z #11 19.18 
2026-01-28T22:32:21.3748737Z #11 19.18 Run `npm audit` for details.
2026-01-28T22:32:21.3749103Z #11 19.18 npm notice
2026-01-28T22:32:21.3749918Z #11 19.18 npm notice New major version of npm available! 10.8.2 -> 11.8.0
2026-01-28T22:32:21.3750610Z #11 19.18 npm notice Changelog: https://github.com/npm/cli/releases/tag/v11.8.0
2026-01-28T22:32:21.3751264Z #11 19.18 npm notice To update run: npm install -g npm@11.8.0
2026-01-28T22:32:21.3751724Z #11 19.18 npm notice
2026-01-28T22:32:23.3622653Z #11 DONE 21.3s
2026-01-28T22:32:27.3580100Z 
2026-01-28T22:32:27.3581135Z #12 [builder 1/6] COPY --from=deps /usr/src/app/node_modules ./node_modules
2026-01-28T22:32:37.0255704Z #12 DONE 9.7s
2026-01-28T22:32:37.2049398Z 
2026-01-28T22:32:37.2049709Z #13 [builder 2/6] COPY . .
2026-01-28T22:32:37.2050508Z #13 DONE 0.0s
2026-01-28T22:32:37.2050789Z 
2026-01-28T22:32:37.2051019Z #14 [builder 3/6] RUN npm run build
2026-01-28T22:32:37.4347435Z #14 0.380 
2026-01-28T22:32:37.4349367Z #14 0.380 > server@0.1.0 build
2026-01-28T22:32:37.4349894Z #14 0.380 > tsc
2026-01-28T22:32:37.4350327Z #14 0.380 
2026-01-28T22:32:40.2388114Z #14 3.184 npm notice
2026-01-28T22:32:40.2388992Z #14 3.184 npm notice New major version of npm available! 10.8.2 -> 11.8.0
2026-01-28T22:32:40.2390181Z #14 3.184 npm notice Changelog: https://github.com/npm/cli/releases/tag/v11.8.0
2026-01-28T22:32:40.2392110Z #14 3.184 npm notice To update run: npm install -g npm@11.8.0
2026-01-28T22:32:40.2392812Z #14 3.184 npm notice
2026-01-28T22:32:40.5530738Z #14 DONE 3.5s
2026-01-28T22:32:40.7045264Z 
2026-01-28T22:32:40.7045966Z #15 [builder 4/6] RUN npm run build:dashboard
2026-01-28T22:32:40.8234444Z #15 0.269 
2026-01-28T22:32:40.8234975Z #15 0.269 > server@0.1.0 build:dashboard
2026-01-28T22:32:40.8235581Z #15 0.269 > vite build
2026-01-28T22:32:40.8235872Z #15 0.269 
2026-01-28T22:32:43.7983435Z #15 3.244 vite v6.4.1 building for production...
2026-01-28T22:32:43.9793324Z #15 3.246 
2026-01-28T22:32:43.9794403Z #15 3.246 (!) outDir /usr/src/app/dist/dashboard is not inside project root and will not be emptied.
2026-01-28T22:32:43.9795420Z #15 3.246 Use --emptyOutDir to override.
2026-01-28T22:32:43.9795980Z #15 3.246 
2026-01-28T22:32:43.9796992Z #15 3.275 [plugin vendure:config-loader] Loading Vendure config. This can take a short while depending on the size of your project...
2026-01-28T22:32:46.5588437Z #15 6.005 [plugin vendure:config-loader] TypeScript compilation completed in 2729ms
2026-01-28T22:32:46.7328381Z #15 6.077 [plugin vendure:config-loader] Found 58 potential plugin files in 66ms (scanned 735 files)
2026-01-28T22:32:46.7329649Z #15 6.179 [plugin vendure:config-loader] Analyzed plugins and found 0 dashboard extensions in 174ms
2026-01-28T22:32:47.1282766Z #15 6.574 [plugin vendure:config-loader] Found 0 plugins: 
2026-01-28T22:32:47.1284076Z #15 6.574 [plugin vendure:config-loader] Vendure config loaded (using export "config") in 3299ms
2026-01-28T22:32:47.6903197Z #15 7.136 âœ“ Introspection output was generated successfully
2026-01-28T22:32:47.8415238Z #15 7.136 
2026-01-28T22:32:47.8416010Z #15 7.137 [plugin vendure:gql-tada] graphql introspection files output to ./src/gql
2026-01-28T22:32:48.4545400Z #15 7.900 transforming...
2026-01-28T22:32:48.5729364Z #15 8.019 [plugin vendure:dashboard-extensions-metadata] Found 0 Dashboard extensions in 0ms
2026-01-28T22:33:01.3804964Z #15 20.83 âœ“ 4987 modules transformed.
2026-01-28T22:33:02.2507381Z #15 21.70 rendering chunks...
2026-01-28T22:33:02.9584100Z #15 22.40 [plugin vendure:compile-translations] Found 0 translation files from plugins
2026-01-28T22:33:03.8847562Z #15 23.33 computing gzip size...
2026-01-28T22:33:04.0651866Z #15 23.51 ../../../dist/dashboard/index.html                                                                                    0.55 kB â”‚ gzip:   0.33 kB
2026-01-28T22:33:04.2320600Z #15 23.51 ../../../dist/dashboard/assets/i18n/zh_Hans.js                                                                       41.19 kB
2026-01-28T22:33:04.2321899Z #15 23.51 ../../../dist/dashboard/assets/i18n/zh_Hant.js                                                                       41.54 kB
2026-01-28T22:33:04.2323643Z #15 23.51 ../../../dist/dashboard/assets/i18n/en.js                                                                            44.09 kB
2026-01-28T22:33:04.2324834Z #15 23.51 ../../../dist/dashboard/assets/i18n/ko.js                                                                            44.09 kB
2026-01-28T22:33:04.2326006Z #15 23.51 ../../../dist/dashboard/assets/i18n/nl.js                                                                            44.09 kB
2026-01-28T22:33:04.2327191Z #15 23.51 ../../../dist/dashboard/assets/i18n/nb.js                                                                            44.75 kB
2026-01-28T22:33:04.2328369Z #15 23.51 ../../../dist/dashboard/assets/i18n/sv.js                                                                            45.88 kB
2026-01-28T22:33:04.2329574Z #15 23.51 ../../../dist/dashboard/assets/i18n/hr.js                                                                            46.91 kB
2026-01-28T22:33:04.2330744Z #15 23.51 ../../../dist/dashboard/assets/i18n/tr.js                                                                            46.96 kB
2026-01-28T22:33:04.2331943Z #15 23.51 ../../../dist/dashboard/assets/i18n/pt_BR.js                                                                         47.94 kB
2026-01-28T22:33:04.2333507Z #15 23.51 ../../../dist/dashboard/assets/i18n/it.js                                                                            48.20 kB
2026-01-28T22:33:04.2334706Z #15 23.51 ../../../dist/dashboard/assets/i18n/cs.js                                                                            48.22 kB
2026-01-28T22:33:04.2335888Z #15 23.51 ../../../dist/dashboard/assets/i18n/pt_PT.js                                                                         48.27 kB
2026-01-28T22:33:04.2337076Z #15 23.51 ../../../dist/dashboard/assets/i18n/pl.js                                                                            48.64 kB
2026-01-28T22:33:04.2338247Z #15 23.51 ../../../dist/dashboard/assets/i18n/es.js                                                                            48.86 kB
2026-01-28T22:33:04.2339446Z #15 23.51 ../../../dist/dashboard/assets/i18n/de.js                                                                            48.90 kB
2026-01-28T22:33:04.2340622Z #15 23.51 ../../../dist/dashboard/assets/i18n/fr.js                                                                            51.00 kB
2026-01-28T22:33:04.2341801Z #15 23.51 ../../../dist/dashboard/assets/i18n/he.js                                                                            53.20 kB
2026-01-28T22:33:04.2343135Z #15 23.52 ../../../dist/dashboard/assets/i18n/ja.js                                                                            53.26 kB
2026-01-28T22:33:04.2344270Z #15 23.52 ../../../dist/dashboard/assets/i18n/ar.js                                                                            57.51 kB
2026-01-28T22:33:04.2345430Z #15 23.52 ../../../dist/dashboard/assets/i18n/fa.js                                                                            61.51 kB
2026-01-28T22:33:04.2346606Z #15 23.52 ../../../dist/dashboard/assets/i18n/uk.js                                                                            67.09 kB
2026-01-28T22:33:04.2347762Z #15 23.52 ../../../dist/dashboard/assets/i18n/ru.js                                                                            67.16 kB
2026-01-28T22:33:04.2348921Z #15 23.52 ../../../dist/dashboard/assets/i18n/bg.js                                                                            70.70 kB
2026-01-28T22:33:04.2350081Z #15 23.52 ../../../dist/dashboard/assets/i18n/ne.js                                                                            87.56 kB
2026-01-28T22:33:04.2351730Z #15 23.52 ../../../dist/dashboard/assets/index-B0qCxt0W.css                                                                   126.51 kB â”‚ gzip:  19.55 kB
2026-01-28T22:33:04.2353484Z #15 23.52 ../../../dist/dashboard/assets/profile-l9jGVEtp.js                                                                    0.13 kB â”‚ gzip:   0.13 kB
2026-01-28T22:33:04.2355299Z #15 23.52 ../../../dist/dashboard/assets/global-settings-BhATXeuw.js                                                            0.13 kB â”‚ gzip:   0.13 kB
2026-01-28T22:33:04.2357018Z #15 23.52 ../../../dist/dashboard/assets/zones_._id-CHMKi4rN.js                                                                 0.13 kB â”‚ gzip:   0.13 kB
2026-01-28T22:33:04.2358622Z #15 23.52 ../../../dist/dashboard/assets/tax-rates_._id-BckP48hE.js                                                             0.13 kB â”‚ gzip:   0.13 kB
2026-01-28T22:33:04.2360238Z #15 23.52 ../../../dist/dashboard/assets/tax-categories_._id-DY-NCukJ.js                                                        0.13 kB â”‚ gzip:   0.13 kB
2026-01-28T22:33:04.2361862Z #15 23.52 ../../../dist/dashboard/assets/stock-locations_._id-D5ouSXgz.js                                                       0.13 kB â”‚ gzip:   0.13 kB
2026-01-28T22:33:04.2363720Z #15 23.52 ../../../dist/dashboard/assets/shipping-methods_._id-BW1qk22U.js                                                      0.13 kB â”‚ gzip:   0.13 kB
2026-01-28T22:33:04.2365326Z #15 23.52 ../../../dist/dashboard/assets/sellers_._id-C8oIQtlz.js                                                               0.13 kB â”‚ gzip:   0.13 kB
2026-01-28T22:33:04.2367263Z #15 23.52 ../../../dist/dashboard/assets/roles_._id-BGemTiE2.js                                                                 0.13 kB â”‚ gzip:   0.13 kB
2026-01-28T22:33:04.2368892Z #15 23.52 ../../../dist/dashboard/assets/promotions_._id-BrM93m81.js                                                            0.13 kB â”‚ gzip:   0.13 kB
2026-01-28T22:33:04.2370504Z #15 23.52 ../../../dist/dashboard/assets/products_._id-3sSSYpYR.js                                                              0.13 kB â”‚ gzip:   0.13 kB
2026-01-28T22:33:04.2372148Z #15 23.52 ../../../dist/dashboard/assets/product-variants_._id-BtxSkMbX.js                                                      0.13 kB â”‚ gzip:   0.13 kB
2026-01-28T22:33:04.2394119Z #15 23.52 ../../../dist/dashboard/assets/payment-methods_._id-wFGOMbIX.js                                                       0.13 kB â”‚ gzip:   0.13 kB
2026-01-28T22:33:04.2395749Z #15 23.52 ../../../dist/dashboard/assets/orders_._id-gD6-S0hI.js                                                                0.13 kB â”‚ gzip:   0.13 kB
2026-01-28T22:33:04.2397353Z #15 23.52 ../../../dist/dashboard/assets/facets_._id-CTq5jPsW.js                                                                0.13 kB â”‚ gzip:   0.13 kB
2026-01-28T22:33:04.2398942Z #15 23.52 ../../../dist/dashboard/assets/customers_._id-CUs_rfJj.js                                                             0.13 kB â”‚ gzip:   0.13 kB
2026-01-28T22:33:04.2400597Z #15 23.52 ../../../dist/dashboard/assets/customer-groups_._id-CcezMqFS.js                                                       0.13 kB â”‚ gzip:   0.13 kB
2026-01-28T22:33:04.2402218Z #15 23.52 ../../../dist/dashboard/assets/countries_._id-CCAngRqm.js                                                             0.13 kB â”‚ gzip:   0.13 kB
2026-01-28T22:33:04.2404011Z #15 23.52 ../../../dist/dashboard/assets/collections_._id-C-6lFGwy.js                                                           0.13 kB â”‚ gzip:   0.13 kB
2026-01-28T22:33:04.2405641Z #15 23.52 ../../../dist/dashboard/assets/channels_._id-DFvWHyx1.js                                                              0.13 kB â”‚ gzip:   0.13 kB
2026-01-28T22:33:04.2407238Z #15 23.52 ../../../dist/dashboard/assets/assets_._id-DfjXehkF.js                                                                0.13 kB â”‚ gzip:   0.13 kB
2026-01-28T22:33:04.2408860Z #15 23.52 ../../../dist/dashboard/assets/administrators_._id-V_x_Fzsx.js                                                        0.13 kB â”‚ gzip:   0.13 kB
2026-01-28T22:33:04.2410480Z #15 23.52 ../../../dist/dashboard/assets/orders_.draft._id-_XE7lrDU.js                                                          0.13 kB â”‚ gzip:   0.13 kB
2026-01-28T22:33:04.2412302Z #15 23.52 ../../../dist/dashboard/assets/orders_._id_.modify-CXOi6W4w.js                                                        0.13 kB â”‚ gzip:   0.13 kB
2026-01-28T22:33:04.2414205Z #15 23.52 ../../../dist/dashboard/assets/products_._productId.option-groups._id-Ct6nj7Lo.js                                     0.13 kB â”‚ gzip:   0.13 kB
2026-01-28T22:33:04.2416099Z #15 23.52 ../../../dist/dashboard/assets/orders_._aggregateOrderId_.seller-orders._sellerOrderId-CniigHAN.js                    0.13 kB â”‚ gzip:   0.13 kB
2026-01-28T22:33:04.2417949Z #15 23.52 ../../../dist/dashboard/assets/facets_._facetId.values_._id-CwRwJgiy.js                                               0.13 kB â”‚ gzip:   0.13 kB
2026-01-28T22:33:04.2419823Z #15 23.52 ../../../dist/dashboard/assets/products_._productId.option-groups._productOptionGroupId.options_._id-GEd1rmYG.js      0.13 kB â”‚ gzip:   0.13 kB
2026-01-28T22:33:04.2421674Z #15 23.52 ../../../dist/dashboard/assets/role-code-label-BOa5UUxW.js                                                            0.17 kB â”‚ gzip:   0.16 kB
2026-01-28T22:33:04.2423454Z #15 23.52 ../../../dist/dashboard/assets/products_._id_.variants-BLVt6Tle.js                                                    0.32 kB â”‚ gzip:   0.22 kB
2026-01-28T22:33:04.2425192Z #15 23.52 ../../../dist/dashboard/assets/ban-BzqSYfKp.js                                                                        0.34 kB â”‚ gzip:   0.27 kB
2026-01-28T22:33:04.2426734Z #15 23.52 ../../../dist/dashboard/assets/collapsible-CQN5S6b9.js                                                                0.34 kB â”‚ gzip:   0.19 kB
2026-01-28T22:33:04.2428306Z #15 23.52 ../../../dist/dashboard/assets/chevrons-up-down-DKc7vYO3.js                                                           0.35 kB â”‚ gzip:   0.27 kB
2026-01-28T22:33:04.2429822Z #15 23.52 ../../../dist/dashboard/assets/user-BI_hw6Xy.js                                                                       0.36 kB â”‚ gzip:   0.29 kB
2026-01-28T22:33:04.2431359Z #15 23.52 ../../../dist/dashboard/assets/panel-left-open-CmRouYGG.js                                                            0.41 kB â”‚ gzip:   0.30 kB
2026-01-28T22:33:04.2433038Z #15 23.52 ../../../dist/dashboard/assets/eye-BNOjw_9E.js                                                                        0.42 kB â”‚ gzip:   0.31 kB
2026-01-28T22:33:04.2434645Z #15 23.52 ../../../dist/dashboard/assets/payload-dialog-BE8WmqWs.js                                                             0.48 kB â”‚ gzip:   0.32 kB
2026-01-28T22:33:04.2436320Z #15 23.52 ../../../dist/dashboard/assets/form-field-wrapper-BiWnkCDN.js                                                         0.49 kB â”‚ gzip:   0.28 kB
2026-01-28T22:33:04.2437997Z #15 23.52 ../../../dist/dashboard/assets/assigned-facet-values-BGOBmNLQ.js                                                      0.58 kB â”‚ gzip:   0.40 kB
2026-01-28T22:33:04.2439648Z #15 23.52 ../../../dist/dashboard/assets/layers-4hGQktKr.js                                                                     0.59 kB â”‚ gzip:   0.34 kB
2026-01-28T22:33:04.2441276Z #15 23.52 ../../../dist/dashboard/assets/confirmation-dialog-Dh4Jve_3.js                                                        0.62 kB â”‚ gzip:   0.36 kB
2026-01-28T22:33:04.2443085Z #15 23.52 ../../../dist/dashboard/assets/circle-x-CZcGqyV7.js                                                                   0.67 kB â”‚ gzip:   0.32 kB
2026-01-28T22:33:04.2444715Z #15 23.52 ../../../dist/dashboard/assets/global-languages-TV3ePUCX.js                                                           0.73 kB â”‚ gzip:   0.36 kB
2026-01-28T22:33:04.2446361Z #15 23.52 ../../../dist/dashboard/assets/zone-selector-DhqmLdp1.js                                                              0.77 kB â”‚ gzip:   0.47 kB
2026-01-28T22:33:04.2448000Z #15 23.52 ../../../dist/dashboard/assets/use-grouped-permissions-EMoj4Nth.js                                                    0.79 kB â”‚ gzip:   0.49 kB
2026-01-28T22:33:04.2449679Z #15 23.52 ../../../dist/dashboard/assets/language-selector-Dn4Fn9ay.js                                                          0.84 kB â”‚ gzip:   0.49 kB
2026-01-28T22:33:04.2451572Z #15 23.52 ../../../dist/dashboard/assets/tax-category-selector-DAGZKbHY.js                                                      0.85 kB â”‚ gzip:   0.49 kB
2026-01-28T22:33:04.2453348Z #15 23.52 ../../../dist/dashboard/assets/sellers-DZhryuMV.js                                                                    0.93 kB â”‚ gzip:   0.55 kB
2026-01-28T22:33:04.2454872Z #15 23.52 ../../../dist/dashboard/assets/countries-DmCTm0Ss.js                                                                  1.02 kB â”‚ gzip:   0.59 kB
2026-01-28T22:33:04.2456573Z #15 23.52 ../../../dist/dashboard/assets/data-table-bulk-action-item-xMFJaBrq.js                                                1.11 kB â”‚ gzip:   0.54 kB
2026-01-28T22:33:04.2458365Z #15 23.52 ../../../dist/dashboard/assets/collection-contents-table-CSUYkkOO.js                                                  1.12 kB â”‚ gzip:   0.57 kB
2026-01-28T22:33:04.2460047Z #15 23.52 ../../../dist/dashboard/assets/tax-categories-Du4Qs1qu.js                                                             1.13 kB â”‚ gzip:   0.63 kB
2026-01-28T22:33:04.2461713Z #15 23.52 ../../../dist/dashboard/assets/delete-bulk-action-Ce0iFpBv.js                                                         1.13 kB â”‚ gzip:   0.70 kB
2026-01-28T22:33:04.2463915Z #15 23.52 ../../../dist/dashboard/assets/assets-C-9a-rx4.js                                                                     1.21 kB â”‚ gzip:   0.74 kB
2026-01-28T22:33:04.2465477Z #15 23.52 ../../../dist/dashboard/assets/channels-VibDaWVP.js                                                                   1.25 kB â”‚ gzip:   0.68 kB
2026-01-28T22:33:04.2467164Z #15 23.52 ../../../dist/dashboard/assets/configurable-operation-selector-BpvW5A41.js                                            1.25 kB â”‚ gzip:   0.71 kB
2026-01-28T22:33:04.2469061Z #15 23.52 ../../../dist/dashboard/assets/orders_._aggregateOrderId_.seller-orders._sellerOrderId-DcQGbtJ3.js                    1.35 kB â”‚ gzip:   0.78 kB
2026-01-28T22:33:04.2470867Z #15 23.52 ../../../dist/dashboard/assets/orders-B6V6-mid.js                                                                     1.43 kB â”‚ gzip:   0.82 kB
2026-01-28T22:33:04.2472595Z #15 23.52 ../../../dist/dashboard/assets/product-variants-Dq3mWak4.js                                                           1.43 kB â”‚ gzip:   0.70 kB
2026-01-28T22:33:04.2474129Z #15 23.52 ../../../dist/dashboard/assets/zones-B4JbZdTS.js                                                                      1.46 kB â”‚ gzip:   0.74 kB
2026-01-28T22:33:04.2475656Z #15 23.52 ../../../dist/dashboard/assets/customer-status-badge-Cel_N7L9.js                                                      1.51 kB â”‚ gzip:   0.58 kB
2026-01-28T22:33:04.2477271Z #15 23.52 ../../../dist/dashboard/assets/sellers_._id-C6x930ZV.js                                                               1.59 kB â”‚ gzip:   0.85 kB
2026-01-28T22:33:04.2478874Z #15 23.52 ../../../dist/dashboard/assets/stock-locations-DElh8Mnx.js                                                            1.60 kB â”‚ gzip:   0.75 kB
2026-01-28T22:33:04.2480425Z #15 23.52 ../../../dist/dashboard/assets/customers-F1x5zFR1.js                                                                  1.63 kB â”‚ gzip:   0.86 kB
2026-01-28T22:33:04.2481989Z #15 23.52 ../../../dist/dashboard/assets/stock-locations_._id-Cnlvy9L5.js                                                       1.64 kB â”‚ gzip:   0.86 kB
2026-01-28T22:33:04.2512012Z #15 23.52 ../../../dist/dashboard/assets/tax-categories_._id-Cj5hFnGt.js                                                        1.66 kB â”‚ gzip:   0.88 kB
2026-01-28T22:33:04.2513781Z #15 23.52 ../../../dist/dashboard/assets/healthchecks-CGgXVmp5.js                                                               1.67 kB â”‚ gzip:   0.71 kB
2026-01-28T22:33:04.2515389Z #15 23.52 ../../../dist/dashboard/assets/customer-selector-BZ-4LeKd.js                                                          1.67 kB â”‚ gzip:   0.85 kB
2026-01-28T22:33:04.2517466Z #15 23.52 ../../../dist/dashboard/assets/administrators-C17Ti12y.js                                                             1.71 kB â”‚ gzip:   0.85 kB
2026-01-28T22:33:04.2519038Z #15 23.52 ../../../dist/dashboard/assets/profile-Mmx0CFxJ.js                                                                    1.71 kB â”‚ gzip:   0.80 kB
2026-01-28T22:33:04.2520511Z #15 23.52 ../../../dist/dashboard/assets/zones_._id-CbsT0xvN.js                                                                 1.72 kB â”‚ gzip:   0.92 kB
2026-01-28T22:33:04.2522086Z #15 23.52 ../../../dist/dashboard/assets/customer-group-members-table-BlZGI58x.js                                               1.74 kB â”‚ gzip:   0.88 kB
2026-01-28T22:33:04.2523892Z #15 23.52 ../../../dist/dashboard/assets/customer-groups_._id-DylRvObU.js                                                       1.75 kB â”‚ gzip:   0.92 kB
2026-01-28T22:33:04.2525546Z #15 23.52 ../../../dist/dashboard/assets/asset-properties-rv2FVCjV.js                                                           1.83 kB â”‚ gzip:   0.80 kB
2026-01-28T22:33:04.2527152Z #15 23.52 ../../../dist/dashboard/assets/countries_._id-Cknnqm6G.js                                                             1.87 kB â”‚ gzip:   0.93 kB
2026-01-28T22:33:04.2528964Z #15 23.52 ../../../dist/dashboard/assets/payment-methods-BVx_-IPN.js                                                            1.89 kB â”‚ gzip:   0.88 kB
2026-01-28T22:33:04.2530494Z #15 23.52 ../../../dist/dashboard/assets/orders_._id-C9gVZbJ3.js                                                                1.91 kB â”‚ gzip:   0.98 kB
2026-01-28T22:33:04.2532139Z #15 23.52 ../../../dist/dashboard/assets/product-variant-bulk-actions-DR-ST-pr.js                                               1.97 kB â”‚ gzip:   0.93 kB
2026-01-28T22:33:04.2533927Z #15 23.52 ../../../dist/dashboard/assets/tax-rates-Lx9DEtkl.js                                                                  1.98 kB â”‚ gzip:   0.95 kB
2026-01-28T22:33:04.2535503Z #15 23.52 ../../../dist/dashboard/assets/customer-groups-CGnOlWCl.js                                                            1.98 kB â”‚ gzip:   0.92 kB
2026-01-28T22:33:04.2537129Z #15 23.52 ../../../dist/dashboard/assets/facet-values-table-eJFLsI-p.js                                                         2.00 kB â”‚ gzip:   0.99 kB
2026-01-28T22:33:04.2538702Z #15 23.52 ../../../dist/dashboard/assets/list-page-B4OZdsZY.js                                                                  2.07 kB â”‚ gzip:   0.97 kB
2026-01-28T22:33:04.2540245Z #15 23.52 ../../../dist/dashboard/assets/promotions-CjrenyYB.js                                                                 2.14 kB â”‚ gzip:   0.94 kB
2026-01-28T22:33:04.2541874Z #15 23.52 ../../../dist/dashboard/assets/product-variant-selector-CBq-Mpun.js                                                   2.16 kB â”‚ gzip:   0.93 kB
2026-01-28T22:33:04.2573837Z #15 23.52 ../../../dist/dashboard/assets/global-settings-CWtPeSPM.js                                                            2.16 kB â”‚ gzip:   1.01 kB
2026-01-28T22:33:04.2575415Z #15 23.52 ../../../dist/dashboard/assets/index-Cbp25OWB.js                                                                      2.17 kB â”‚ gzip:   0.97 kB
2026-01-28T22:33:04.2576896Z #15 23.52 ../../../dist/dashboard/assets/roles-B3mGDCLy.js                                                                      2.28 kB â”‚ gzip:   0.99 kB
2026-01-28T22:33:04.2578474Z #15 23.52 ../../../dist/dashboard/assets/facets_._facetId.values_._id-BR8Kp3Ts.js                                               2.30 kB â”‚ gzip:   1.08 kB
2026-01-28T22:33:04.2580255Z #15 23.52 ../../../dist/dashboard/assets/configurable-operation-multi-selector-HajtXrkc.js                                      2.34 kB â”‚ gzip:   1.13 kB
2026-01-28T22:33:04.2582176Z #15 23.52 ../../../dist/dashboard/assets/products_._productId.option-groups._productOptionGroupId.options_._id-BHVvRNs_.js      2.34 kB â”‚ gzip:   1.09 kB
2026-01-28T22:33:04.2584273Z #15 23.52 ../../../dist/dashboard/assets/tax-rates_._id-DVIrlgqE.js                                                             2.35 kB â”‚ gzip:   1.06 kB
2026-01-28T22:33:04.2585796Z #15 23.52 ../../../dist/dashboard/assets/facets_._id-vSV9-74s.js                                                                2.38 kB â”‚ gzip:   1.11 kB
2026-01-28T22:33:04.2587443Z #15 23.52 ../../../dist/dashboard/assets/configurable-operation-input-ff9DXdk9.js                                               2.43 kB â”‚ gzip:   1.16 kB
2026-01-28T22:33:04.2589107Z #15 23.52 ../../../dist/dashboard/assets/option-groups-editor-ALR1uyJS.js                                                       3.06 kB â”‚ gzip:   1.33 kB
2026-01-28T22:33:04.2590773Z #15 23.52 ../../../dist/dashboard/assets/remove-from-channel-bulk-action-Cr1hlZNI.js                                            3.37 kB â”‚ gzip:   1.44 kB
2026-01-28T22:33:04.2592702Z #15 23.52 ../../../dist/dashboard/assets/products_._productId.option-groups._id-BBhAcz5F.js                                     3.46 kB â”‚ gzip:   1.59 kB
2026-01-28T22:33:04.2594351Z #15 23.52 ../../../dist/dashboard/assets/products-CNBADzd4.js                                                                   3.58 kB â”‚ gzip:   1.62 kB
2026-01-28T22:33:04.2596130Z #15 23.52 ../../../dist/dashboard/assets/zone-countries-table-CyuJH8AX.js                                                       3.58 kB â”‚ gzip:   1.67 kB
2026-01-28T22:33:04.2597778Z #15 23.52 ../../../dist/dashboard/assets/duplicate-bulk-action-C2pdwwjF.js                                                      3.72 kB â”‚ gzip:   1.65 kB
2026-01-28T22:33:04.2599387Z #15 23.52 ../../../dist/dashboard/assets/facets-Bl9ZYV3H.js                                                                     3.73 kB â”‚ gzip:   1.59 kB
2026-01-28T22:33:04.2600925Z #15 23.52 ../../../dist/dashboard/assets/order-table-totals-BiS8M20S.js                                                         3.76 kB â”‚ gzip:   1.31 kB
2026-01-28T22:33:04.2602699Z #15 23.52 ../../../dist/dashboard/assets/payment-methods_._id-gL8p9HXp.js                                                       3.82 kB â”‚ gzip:   1.43 kB
2026-01-28T22:33:04.2604314Z #15 23.52 ../../../dist/dashboard/assets/scheduled-tasks-CIYoJ1Pg.js                                                            3.96 kB â”‚ gzip:   1.53 kB
2026-01-28T22:33:04.2605991Z #15 23.52 ../../../dist/dashboard/assets/assign-facet-values-dialog-CQMmTklm.js                                                 4.36 kB â”‚ gzip:   1.77 kB
2026-01-28T22:33:04.2607630Z #15 23.52 ../../../dist/dashboard/assets/shipping-methods-CIdmwp4_.js                                                           4.65 kB â”‚ gzip:   1.92 kB
2026-01-28T22:33:04.2609212Z #15 23.52 ../../../dist/dashboard/assets/promotions_._id-DKxLx2ee.js                                                            4.73 kB â”‚ gzip:   1.61 kB
2026-01-28T22:33:04.2610769Z #15 23.52 ../../../dist/dashboard/assets/administrators_._id-rVsDSR_-.js                                                        4.77 kB â”‚ gzip:   1.90 kB
2026-01-28T22:33:04.2612338Z #15 23.52 ../../../dist/dashboard/assets/job-queue-OQyW4hIH.js                                                                  5.62 kB â”‚ gzip:   2.21 kB
2026-01-28T22:33:04.2614020Z #15 23.52 ../../../dist/dashboard/assets/channels_._id-B3h6ZYQ1.js                                                              5.87 kB â”‚ gzip:   2.19 kB
2026-01-28T22:33:04.2615587Z #15 23.52 ../../../dist/dashboard/assets/collections_._id-BvBrNnDy.js                                                           6.27 kB â”‚ gzip:   2.48 kB
2026-01-28T22:33:04.2617171Z #15 23.52 ../../../dist/dashboard/assets/entity-assets-TvVcEyYM.js                                                              6.81 kB â”‚ gzip:   2.58 kB
2026-01-28T22:33:04.2618735Z #15 23.52 ../../../dist/dashboard/assets/roles_._id-CdL26ryn.js                                                                 6.94 kB â”‚ gzip:   2.41 kB
2026-01-28T22:33:04.2620336Z #15 23.52 ../../../dist/dashboard/assets/use-history-note-editor-DQVc4Ll_.js                                                    7.31 kB â”‚ gzip:   2.75 kB
2026-01-28T22:33:04.2622240Z #15 23.52 ../../../dist/dashboard/assets/use-transition-order-to-state-BGdicO8T.js                                              7.34 kB â”‚ gzip:   2.83 kB
2026-01-28T22:33:04.2624055Z #15 23.52 ../../../dist/dashboard/assets/orders_.draft._id-DtL0EcoI.js                                                          7.34 kB â”‚ gzip:   2.37 kB
2026-01-28T22:33:04.2625687Z #15 23.52 ../../../dist/dashboard/assets/shipping-methods_._id-enoG50Vu.js                                                      7.44 kB â”‚ gzip:   2.71 kB
2026-01-28T22:33:04.2627318Z #15 23.52 ../../../dist/dashboard/assets/edit-order-table-D3o3g07w.js                                                           7.65 kB â”‚ gzip:   2.68 kB
2026-01-28T22:33:04.2628843Z #15 23.52 ../../../dist/dashboard/assets/index-DVLBHicM.js                                                                      9.60 kB â”‚ gzip:   4.11 kB
2026-01-28T22:33:04.2630409Z #15 23.52 ../../../dist/dashboard/assets/product-variants_._id-CUI8MAuR.js                                                      9.80 kB â”‚ gzip:   3.43 kB
2026-01-28T22:33:04.2631969Z #15 23.52 ../../../dist/dashboard/assets/assets_._id-CvDSeolL.js                                                               10.51 kB â”‚ gzip:   4.03 kB
2026-01-28T22:33:04.2633806Z #15 23.52 ../../../dist/dashboard/assets/login-A8QeDTbQ.js                                                                     12.02 kB â”‚ gzip:   4.95 kB
2026-01-28T22:33:04.2635286Z #15 23.52 ../../../dist/dashboard/assets/collections-CkU5W8sa.js                                                               14.16 kB â”‚ gzip:   5.02 kB
2026-01-28T22:33:04.2636892Z #15 23.52 ../../../dist/dashboard/assets/use-shipping-method-test-state-DgLjLhg_.js                                            14.68 kB â”‚ gzip:   5.23 kB
2026-01-28T22:33:04.2638474Z #15 23.52 ../../../dist/dashboard/assets/products_._id-DGZ7OcU6.js                                                             14.76 kB â”‚ gzip:   5.48 kB
2026-01-28T22:33:04.2639977Z #15 23.52 ../../../dist/dashboard/assets/orders_._id_.modify-Pe5dHym8.js                                                       19.79 kB â”‚ gzip:   6.11 kB
2026-01-28T22:33:04.2641566Z #15 23.52 ../../../dist/dashboard/assets/products_._id_.variants-lDLUUAdd.js                                                   20.54 kB â”‚ gzip:   5.78 kB
2026-01-28T22:33:04.2643265Z #15 23.52 ../../../dist/dashboard/assets/customers_._id-BlbLBh09.js                                                            24.81 kB â”‚ gzip:   6.78 kB
2026-01-28T22:33:04.2644804Z #15 23.52 ../../../dist/dashboard/assets/order-detail-shared-BXR5R_pS.js                                                       32.80 kB â”‚ gzip:   9.54 kB
2026-01-28T22:33:04.2646333Z #15 23.52 ../../../dist/dashboard/assets/_authenticated-BR9_Qn-k.js                                                            40.36 kB â”‚ gzip:  11.35 kB
2026-01-28T22:33:04.2647822Z #15 23.52 ../../../dist/dashboard/assets/locale-BxmkIxVT.js                                                                   774.23 kB â”‚ gzip: 155.70 kB
2026-01-28T22:33:04.2648697Z #15 23.52 
2026-01-28T22:33:04.2649245Z #15 23.52 (!) Some chunks are larger than 500 kB after minification. Consider:
2026-01-28T22:33:04.2650048Z #15 23.52 - Using dynamic import() to code-split the application
2026-01-28T22:33:04.2651263Z #15 23.52 - Use build.rollupOptions.output.manualChunks to improve chunking: https://rollupjs.org/configuration-options/#output-manualchunks
2026-01-28T22:33:04.2652706Z #15 23.52 - Adjust chunk size limit for this warning via build.chunkSizeWarningLimit.
2026-01-28T22:33:04.2654032Z #15 23.52 ../../../dist/dashboard/assets/index-BmYztBU3.js                                                                  2,452.70 kB â”‚ gzip: 702.88 kB
2026-01-28T22:33:04.2654998Z #15 23.53 âœ“ built in 20.25s
2026-01-28T22:33:04.5940449Z #15 DONE 24.0s
2026-01-28T22:33:04.7017815Z 
2026-01-28T22:33:04.7018625Z #16 [builder 5/6] RUN mkdir -p ./dist/migrations
2026-01-28T22:33:04.7019240Z #16 DONE 0.1s
2026-01-28T22:33:04.8196613Z 
2026-01-28T22:33:04.8198225Z #17 [builder 6/6] RUN cp -r ./src/migrations/* ./dist/migrations/ 2>/dev/null || true
2026-01-28T22:33:04.8198890Z #17 DONE 0.1s
2026-01-28T22:33:08.9592176Z 
2026-01-28T22:33:08.9593048Z #18 [prod 2/7] COPY --from=builder --chown=vendure:nodejs /usr/src/app/dist ./dist
2026-01-28T22:33:09.1598919Z #18 DONE 0.0s
2026-01-28T22:33:09.1599153Z 
2026-01-28T22:33:09.1599539Z #19 [prod 3/7] COPY --from=builder --chown=vendure:nodejs /usr/src/app/node_modules ./node_modules
2026-01-28T22:33:19.0418406Z #19 DONE 10.0s
2026-01-28T22:33:19.2533422Z 
2026-01-28T22:33:19.2535304Z #20 [prod 4/7] COPY --from=builder --chown=vendure:nodejs /usr/src/app/package.json ./package.json
2026-01-28T22:33:19.2537193Z #20 DONE 0.0s
2026-01-28T22:33:19.2537649Z 
2026-01-28T22:33:19.2541780Z #21 [prod 5/7] COPY --from=builder --chown=vendure:nodejs /usr/src/app/static ./static
2026-01-28T22:33:19.2546171Z #21 DONE 0.0s
2026-01-28T22:33:19.2546440Z 
2026-01-28T22:33:19.2547038Z #22 [prod 6/7] COPY --from=builder --chown=vendure:nodejs /usr/src/app/src/migrations ./src/migrations
2026-01-28T22:33:19.2547963Z #22 DONE 0.0s
2026-01-28T22:33:19.2548627Z 
2026-01-28T22:33:19.2548972Z #23 [prod 7/7] COPY --chown=vendure:nodejs env-defaults.env .env
2026-01-28T22:33:19.2549662Z #23 DONE 0.0s
2026-01-28T22:33:19.2549923Z 
2026-01-28T22:33:19.2550140Z #24 exporting to image
2026-01-28T22:33:19.2550620Z #24 exporting layers
2026-01-28T22:33:30.6634104Z #24 exporting layers 11.6s done
2026-01-28T22:33:30.6829530Z #24 writing image sha256:f64b994e009ff7c07ba56217a2750cc8b1c4e108303b148840ab21a0f24f876d done
2026-01-28T22:33:30.6830823Z #24 naming to ghcr.io/pmeaney/vendure-server-juniper010726:latest done
2026-01-28T22:33:30.6831609Z #24 DONE 11.6s
2026-01-28T22:33:30.7047797Z The push refers to repository [ghcr.io/pmeaney/vendure-server-juniper010726]
2026-01-28T22:33:30.7403607Z 4b5734ccc3e2: Preparing
2026-01-28T22:33:30.7404673Z e7c8aad5ed13: Preparing
2026-01-28T22:33:30.7405184Z d7c2e845fc9c: Preparing
2026-01-28T22:33:30.7405666Z e19170ecec00: Preparing
2026-01-28T22:33:30.7406117Z 8b22e8a6e49d: Preparing
2026-01-28T22:33:30.7406558Z 91045300ffe6: Preparing
2026-01-28T22:33:30.7407014Z f8c86ee2d9c0: Preparing
2026-01-28T22:33:30.7407481Z f3a68bf04b20: Preparing
2026-01-28T22:33:30.7407919Z 7492c31043fa: Preparing
2026-01-28T22:33:30.7408352Z 00bf21304c8c: Preparing
2026-01-28T22:33:30.7408791Z b051c96fe9e7: Preparing
2026-01-28T22:33:30.7409240Z 6de3bf4d809c: Preparing
2026-01-28T22:33:30.7409568Z e0e600257047: Preparing
2026-01-28T22:33:30.7409839Z 7492c31043fa: Waiting
2026-01-28T22:33:30.7410117Z 00bf21304c8c: Waiting
2026-01-28T22:33:30.7410381Z b051c96fe9e7: Waiting
2026-01-28T22:33:30.7410644Z 6de3bf4d809c: Waiting
2026-01-28T22:33:30.7410907Z e0e600257047: Waiting
2026-01-28T22:33:30.7411168Z 91045300ffe6: Waiting
2026-01-28T22:33:30.7411427Z f8c86ee2d9c0: Waiting
2026-01-28T22:33:30.7411688Z f3a68bf04b20: Waiting
2026-01-28T22:33:31.8929015Z 4b5734ccc3e2: Pushed
2026-01-28T22:33:31.9079075Z e19170ecec00: Pushed
2026-01-28T22:33:31.9397041Z d7c2e845fc9c: Pushed
2026-01-28T22:33:31.9488588Z e7c8aad5ed13: Pushed
2026-01-28T22:33:32.0333670Z 7492c31043fa: Layer already exists
2026-01-28T22:33:32.1205270Z 00bf21304c8c: Layer already exists
2026-01-28T22:33:32.2065527Z b051c96fe9e7: Layer already exists
2026-01-28T22:33:32.2913848Z 6de3bf4d809c: Layer already exists
2026-01-28T22:33:32.9737562Z f8c86ee2d9c0: Pushed
2026-01-28T22:33:33.0720675Z f3a68bf04b20: Pushed
2026-01-28T22:33:33.1520934Z 91045300ffe6: Pushed
2026-01-28T22:33:36.0763114Z e0e600257047: Pushed
2026-01-28T22:33:56.4955664Z 8b22e8a6e49d: Pushed
2026-01-28T22:33:57.8413748Z latest: digest: sha256:28035da61f0f6065cb7cc78fca9548b34731191a9f535812c3c87419b96182c4 size: 3037
2026-01-28T22:33:57.8491614Z ##[group]Run # Setup SSH
2026-01-28T22:33:57.8492002Z [36;1m# Setup SSH[0m
2026-01-28T22:33:57.8492286Z [36;1mmkdir -p ~/.ssh/[0m
2026-01-28T22:33:57.8492906Z [36;1mecho "$SSH_KEY" > ~/.ssh/id_ed25519[0m
2026-01-28T22:33:57.8493262Z [36;1mchmod 600 ~/.ssh/id_ed25519[0m
2026-01-28T22:33:57.8493558Z [36;1m[0m
2026-01-28T22:33:57.8493806Z [36;1mcat >>~/.ssh/config <<END[0m
2026-01-28T22:33:57.8494132Z [36;1mHost prod[0m
2026-01-28T22:33:57.8494399Z [36;1m  HostName $SERVER_IP[0m
2026-01-28T22:33:57.8494695Z [36;1m  User $SSH_USER[0m
2026-01-28T22:33:57.8494998Z [36;1m  IdentityFile ~/.ssh/id_ed25519[0m
2026-01-28T22:33:57.8495361Z [36;1m  StrictHostKeyChecking no[0m
2026-01-28T22:33:57.8495667Z [36;1mEND[0m
2026-01-28T22:33:57.8495911Z [36;1m      [0m
2026-01-28T22:33:57.8496235Z [36;1m# Verify connection to server with simple commands[0m
2026-01-28T22:33:57.8496657Z [36;1mecho "Verifying server connection..."[0m
2026-01-28T22:33:57.8497079Z [36;1mssh prod "hostname && which docker && uptime"[0m
2026-01-28T22:33:57.8518036Z [36;1m[0m
2026-01-28T22:33:57.8518393Z [36;1m# First authenticate with GHCR on the remote server[0m
2026-01-28T22:33:57.8518937Z [36;1mecho "Authenticating with GitHub Container Registry on remote server..."[0m
2026-01-28T22:33:57.8519568Z [36;1mssh prod "echo '$GHPAT' | docker login ghcr.io -u pmeaney --password-stdin"[0m
2026-01-28T22:33:57.8520229Z [36;1m[0m
2026-01-28T22:33:57.8520532Z [36;1m# Create a temporary env file on the remote server[0m
2026-01-28T22:33:57.8520963Z [36;1mecho "Creating temporary environment file..."[0m
2026-01-28T22:33:57.8521407Z [36;1mssh prod "mkdir -p ~/vendure-server-juniper010726"[0m
2026-01-28T22:33:57.8521930Z [36;1mssh prod "echo '$SERVER_PROD_ENV' > ~/vendure-server-juniper010726/.env"[0m
2026-01-28T22:33:57.8522547Z [36;1m[0m
2026-01-28T22:33:57.8522881Z [36;1m# Ensure Docker network exists (create if it doesn't)[0m
2026-01-28T22:33:57.8523587Z [36;1mssh prod "docker network ls --filter name=vendure-network -q | grep -q . || docker network create vendure-network"[0m
2026-01-28T22:33:57.8524190Z [36;1m[0m
2026-01-28T22:33:57.8524482Z [36;1m# Deploy to remote server with environment file[0m
2026-01-28T22:33:57.8525004Z [36;1mssh prod "docker pull ghcr.io/pmeaney/vendure-server-juniper010726:latest && \[0m
2026-01-28T22:33:57.8525598Z [36;1m          docker rm -f vendure-server-juniper010726 || true && \[0m
2026-01-28T22:33:57.8526040Z [36;1m          docker run -d \[0m
2026-01-28T22:33:57.8526403Z [36;1m            --name vendure-server-juniper010726 \[0m
2026-01-28T22:33:57.8526799Z [36;1m            --network vendure-network \[0m
2026-01-28T22:33:57.8527172Z [36;1m            --network-alias vendure-server \[0m
2026-01-28T22:33:57.8527524Z [36;1m            -p 3000:3000 \[0m
2026-01-28T22:33:57.8527906Z [36;1m            --env-file ~/vendure-server-juniper010726/.env \[0m
2026-01-28T22:33:57.8528411Z [36;1m            ghcr.io/pmeaney/vendure-server-juniper010726:latest"[0m
2026-01-28T22:33:57.8528801Z [36;1m[0m
2026-01-28T22:33:57.8529115Z [36;1mecho "Deleting temporarily created prod env file..."[0m
2026-01-28T22:33:57.8529572Z [36;1mssh prod "rm ~/vendure-server-juniper010726/.env"[0m
2026-01-28T22:33:57.8529940Z [36;1m[0m
2026-01-28T22:33:57.8530265Z [36;1m# Deployment successful - set appropriate action message[0m
2026-01-28T22:33:57.8530750Z [36;1mif [ -n "Initial deployment - no container exists" ]; then[0m
2026-01-28T22:33:57.8531230Z [36;1m  # This was a forced deployment due to missing container[0m
2026-01-28T22:33:57.8531802Z [36;1m  echo "action_taken=Deployed: Initial deployment - no container exists" >> $GITHUB_OUTPUT[0m
2026-01-28T22:33:57.8532298Z [36;1melse[0m
2026-01-28T22:33:57.8532829Z [36;1m  # This was a normal deployment due to code changes  [0m
2026-01-28T22:33:57.8533299Z [36;1m  echo "action_taken=New version deployed" >> $GITHUB_OUTPUT[0m
2026-01-28T22:33:57.8533703Z [36;1mfi[0m
2026-01-28T22:33:57.8534218Z [36;1mecho "deploy_status=success" >> $GITHUB_ENV[0m
2026-01-28T22:33:57.8564465Z shell: /usr/bin/bash -e {0}
2026-01-28T22:33:57.8564757Z env:
2026-01-28T22:33:57.8564992Z   BUILT: true
2026-01-28T22:33:57.8565237Z   PUSHED: true
2026-01-28T22:33:57.8567478Z   SSH_KEY: ***
2026-01-28T22:33:57.8567770Z   SSH_USER: ***
2026-01-28T22:33:57.8568037Z   SERVER_IP: ***
2026-01-28T22:33:57.8568439Z   GHPAT: ***
2026-01-28T22:33:57.8569535Z   SERVER_PROD_ENV: ***

2026-01-28T22:33:57.8569811Z ##[endgroup]
2026-01-28T22:33:57.8651020Z Verifying server connection...
2026-01-28T22:33:59.0644058Z server011526-debian-ecom
2026-01-28T22:33:59.0660198Z /usr/bin/docker
2026-01-28T22:33:59.0702745Z  22:33:59 up 7 days,  5:20,  1 user,  load average: 0.01, 0.01, 0.00
2026-01-28T22:33:59.0711873Z Authenticating with GitHub Container Registry on remote server...
2026-01-28T22:34:00.5774959Z Login Succeeded
2026-01-28T22:34:00.5818534Z Creating temporary environment file...
2026-01-28T22:34:05.3975936Z latest: Pulling from pmeaney/vendure-server-juniper010726
2026-01-28T22:34:06.0821386Z ca95865ffbdc: Pulling fs layer
2026-01-28T22:34:06.0822094Z 6e998a9fd56f: Pulling fs layer
2026-01-28T22:34:06.0822899Z fa5da668b9b9: Pulling fs layer
2026-01-28T22:34:06.0825431Z 6dc2afcfa28f: Pulling fs layer
2026-01-28T22:34:06.0826951Z e58ab5c4a9e8: Pulling fs layer
2026-01-28T22:34:06.0829309Z e02fbd9eddc7: Pulling fs layer
2026-01-28T22:34:06.0832033Z 5ea1be809453: Pulling fs layer
2026-01-28T22:34:06.0834045Z 7b86b6dfcd51: Pulling fs layer
2026-01-28T22:34:06.4455353Z e58ab5c4a9e8: Download complete
2026-01-28T22:34:06.5562770Z ca95865ffbdc: Download complete
2026-01-28T22:34:06.5582719Z 6dc2afcfa28f: Download complete
2026-01-28T22:34:06.5598918Z fa5da668b9b9: Download complete
2026-01-28T22:34:06.5626077Z 5ea1be809453: Download complete
2026-01-28T22:34:06.5646063Z 7b86b6dfcd51: Download complete
2026-01-28T22:34:06.5914148Z 5ea1be809453: Pull complete
2026-01-28T22:34:06.6403205Z e02fbd9eddc7: Download complete
2026-01-28T22:34:06.6740699Z fa5da668b9b9: Pull complete
2026-01-28T22:34:06.8610485Z 7b86b6dfcd51: Pull complete
2026-01-28T22:34:08.9402755Z 6e998a9fd56f: Download complete
2026-01-28T22:34:29.9659243Z 6e998a9fd56f: Pull complete
2026-01-28T22:34:30.0530254Z e58ab5c4a9e8: Pull complete
2026-01-28T22:34:30.0700489Z ca95865ffbdc: Pull complete
2026-01-28T22:34:30.0709986Z 6dc2afcfa28f: Pull complete
2026-01-28T22:34:30.0730571Z e02fbd9eddc7: Pull complete
2026-01-28T22:34:30.0766865Z Digest: sha256:28035da61f0f6065cb7cc78fca9548b34731191a9f535812c3c87419b96182c4
2026-01-28T22:34:30.0768038Z Status: Downloaded newer image for ghcr.io/pmeaney/vendure-server-juniper010726:latest
2026-01-28T22:34:30.0839422Z ghcr.io/pmeaney/vendure-server-juniper010726:latest
2026-01-28T22:34:30.1294719Z Error response from daemon: No such container: vendure-server-juniper010726
2026-01-28T22:34:30.5036790Z eb7c5cf0fdcf7513d0d6151803167f699b9274fb129dee1de36046cc6e392a1d
2026-01-28T22:34:30.8063532Z Deleting temporarily created prod env file...
2026-01-28T22:34:31.8942999Z ##[group]Run mkdir -p ./deployment-markers
2026-01-28T22:34:31.8943443Z [36;1mmkdir -p ./deployment-markers[0m
2026-01-28T22:34:31.8943908Z [36;1mgit rev-parse HEAD > ./deployment-markers/server-last-commit.txt[0m
2026-01-28T22:34:31.8944455Z [36;1mecho "Saved current commit as last deployed commit marker"[0m
2026-01-28T22:34:31.8975203Z shell: /usr/bin/bash -e {0}
2026-01-28T22:34:31.8975494Z env:
2026-01-28T22:34:31.8975747Z   BUILT: true
2026-01-28T22:34:31.8975997Z   PUSHED: true
2026-01-28T22:34:31.8976252Z   deploy_status: success
2026-01-28T22:34:31.8976528Z ##[endgroup]
2026-01-28T22:34:31.9052029Z Saved current commit as last deployed commit marker
2026-01-28T22:34:31.9110907Z ##[group]Run actions/upload-artifact@v4
2026-01-28T22:34:31.9111252Z with:
2026-01-28T22:34:31.9111531Z   name: server-last-deployed-commit
2026-01-28T22:34:31.9111906Z   path: ./deployment-markers/server-last-commit.txt
2026-01-28T22:34:31.9112271Z   retention-days: 90
2026-01-28T22:34:31.9112791Z   if-no-files-found: warn
2026-01-28T22:34:31.9113086Z   compression-level: 6
2026-01-28T22:34:31.9113360Z   overwrite: false
2026-01-28T22:34:31.9113638Z   include-hidden-files: false
2026-01-28T22:34:31.9113918Z env:
2026-01-28T22:34:31.9114141Z   BUILT: true
2026-01-28T22:34:31.9114382Z   PUSHED: true
2026-01-28T22:34:31.9114639Z   deploy_status: success
2026-01-28T22:34:31.9114906Z ##[endgroup]
2026-01-28T22:34:32.1209603Z With the provided path, there will be 1 file uploaded
2026-01-28T22:34:32.1215539Z Artifact name is valid!
2026-01-28T22:34:32.1216424Z Root directory input is valid!
2026-01-28T22:34:32.2449448Z Beginning upload of artifact content to blob storage
2026-01-28T22:34:32.3071055Z Uploaded bytes 199
2026-01-28T22:34:32.3269713Z Finished uploading artifact content to blob storage!
2026-01-28T22:34:32.3273312Z SHA256 digest of uploaded artifact zip is 2d3278b8b27e40c762b8596b12ed8f6ec8e7514337a507f641f908a1781c5a14
2026-01-28T22:34:32.3275011Z Finalizing artifact upload
2026-01-28T22:34:32.4041368Z Artifact server-last-deployed-commit.zip successfully finalized. Artifact ID 5295649851
2026-01-28T22:34:32.4043685Z Artifact server-last-deployed-commit has been successfully uploaded! Final size is 199 bytes. Artifact ID is 5295649851
2026-01-28T22:34:32.4050235Z Artifact download URL: https://github.com/pmeaney/vendure-juniper010726/actions/runs/21457977029/artifacts/5295649851
2026-01-28T22:34:32.4154224Z ##[group]Run echo "Server Deployment Status:"
2026-01-28T22:34:32.4154862Z [36;1mecho "Server Deployment Status:"[0m
2026-01-28T22:34:32.4155239Z [36;1mecho "Changes Detected: true"[0m
2026-01-28T22:34:32.4155723Z [36;1mecho "Action Taken: Deployed: Initial deployment - no container exists"[0m
2026-01-28T22:34:32.4186243Z shell: /usr/bin/bash -e {0}
2026-01-28T22:34:32.4186548Z env:
2026-01-28T22:34:32.4186781Z   BUILT: true
2026-01-28T22:34:32.4187033Z   PUSHED: true
2026-01-28T22:34:32.4187304Z   deploy_status: success
2026-01-28T22:34:32.4187589Z ##[endgroup]
2026-01-28T22:34:32.4235468Z Server Deployment Status:
2026-01-28T22:34:32.4236000Z Changes Detected: true
2026-01-28T22:34:32.4236637Z Action Taken: Deployed: Initial deployment - no container exists
2026-01-28T22:34:32.4286359Z Post job cleanup.
2026-01-28T22:34:32.7322324Z ##[group]Logout from ghcr.io
2026-01-28T22:34:32.7394119Z [command]/usr/bin/docker logout ghcr.io
2026-01-28T22:34:32.7553247Z Removing login credentials for ghcr.io
2026-01-28T22:34:32.7598853Z ##[endgroup]
2026-01-28T22:34:32.7599996Z ##[group]Post cache
2026-01-28T22:34:32.7602137Z State not set
2026-01-28T22:34:32.7603154Z ##[endgroup]
2026-01-28T22:34:32.7820382Z Post job cleanup.
2026-01-28T22:34:32.8798269Z [command]/usr/bin/git version
2026-01-28T22:34:32.8833673Z git version 2.52.0
2026-01-28T22:34:32.8878272Z Temporarily overriding HOME='/home/runner/work/_temp/74a2da3a-f60c-4f36-88c1-27415befc4a2' before making global git config changes
2026-01-28T22:34:32.8879725Z Adding repository directory to the temporary git global config as a safe directory
2026-01-28T22:34:32.8884043Z [command]/usr/bin/git config --global --add safe.directory /home/runner/work/vendure-juniper010726/vendure-juniper010726
2026-01-28T22:34:32.8919203Z [command]/usr/bin/git config --local --name-only --get-regexp core\.sshCommand
2026-01-28T22:34:32.8951944Z [command]/usr/bin/git submodule foreach --recursive sh -c "git config --local --name-only --get-regexp 'core\.sshCommand' && git config --local --unset-all 'core.sshCommand' || :"
2026-01-28T22:34:32.9177816Z [command]/usr/bin/git config --local --name-only --get-regexp http\.https\:\/\/github\.com\/\.extraheader
2026-01-28T22:34:32.9199727Z http.https://github.com/.extraheader
2026-01-28T22:34:32.9213640Z [command]/usr/bin/git config --local --unset-all http.https://github.com/.extraheader
2026-01-28T22:34:32.9245811Z [command]/usr/bin/git submodule foreach --recursive sh -c "git config --local --name-only --get-regexp 'http\.https\:\/\/github\.com\/\.extraheader' && git config --local --unset-all 'http.https://github.com/.extraheader' || :"
2026-01-28T22:34:32.9458803Z [command]/usr/bin/git config --local --name-only --get-regexp ^includeIf\.gitdir:
2026-01-28T22:34:32.9487446Z [command]/usr/bin/git submodule foreach --recursive git config --local --show-origin --name-only --get-regexp remote.origin.url
2026-01-28T22:34:32.9799715Z Evaluate and set job outputs
2026-01-28T22:34:32.9808729Z Set output 'changes_detected'
2026-01-28T22:34:32.9810413Z Set output 'action'
2026-01-28T22:34:32.9816184Z Set output 'changed_files'
2026-01-28T22:34:32.9816609Z Set output 'changed_files_count'
2026-01-28T22:34:32.9817699Z Cleaning up orphan processes